Archive member included because of file (symbol)

/cygdrive/c/TWESDK/Wks_ToCoNet/KeyController/../../Wks_libToCoNet/libToCoNet/lib/libToCoNet_JN5164.a(ToCoNet_event.o)
                              objs_JN5164/KeyController.o (_PRSEV_u8Register)
/cygdrive/c/TWESDK/Wks_ToCoNet/KeyController/../../Wks_libToCoNet/libToCoNet/lib/libToCoNet_JN5164.a(ToCoNet_main.o)
                              objs_JN5164/KeyController.o (_ToCoNet_vDebugInit)
/cygdrive/c/TWESDK/Wks_ToCoNet/KeyController/../../Wks_libToCoNet/libToCoNet/lib/libToCoNet_JN5164.a(ToCoNet_utils.o)
                              /cygdrive/c/TWESDK/Wks_ToCoNet/KeyController/../../Wks_libToCoNet/libToCoNet/lib/libToCoNet_JN5164.a(ToCoNet_main.o) (_ToCoNet_u32GetVersion)
/cygdrive/c/TWESDK/Wks_ToCoNet/KeyController/../../Wks_libToCoNet/libToCoNet/lib/libToCoNet_JN5164.a(ToCoNet_mod_Tx.o)
                              objs_JN5164/KeyController.o (_ToCoNet_vReg_mod_Tx_Standard)
/cygdrive/c/TWESDK/Wks_ToCoNet/KeyController/../../Wks_libToCoNet/libToCoNet/lib/libToCoNet_JN5164.a(ToCoNet_mod_NbScan.o)
                              objs_JN5164/KeyController.o (_ToCoNet_vReg_mod_NbScan)
/cygdrive/c/TWESDK/Wks_ToCoNet/KeyController/../../Wks_libToCoNet/libToCoNet/lib/libToCoNet_JN5164.a(ToCoNet_mod_NbScan_Slave.o)
                              objs_JN5164/KeyController.o (_ToCoNet_vReg_mod_NbScan_Slave)
/cygdrive/c/TWESDK/Wks_ToCoNet/KeyController/../../Wks_libToCoNet/libToCoNet/lib/libToCoNet_JN5164.a(ToCoNet_mod_TxRxQueue.o)
                              objs_JN5164/KeyController.o (_ToCoNet_vReg_mod_TxRxQueueMid)
/cygdrive/c/TWESDK/Wks_ToCoNet/KeyController/../../Wks_libToCoNet/libToCoNet/lib/libToCoNet_JN5164.a(ToCoNet_mod_Nwk_Common.o)
                              /cygdrive/c/TWESDK/Wks_ToCoNet/KeyController/../../Wks_libToCoNet/libToCoNet/lib/libToCoNet_JN5164.a(ToCoNet_main.o) (_ToCoNet_vRxProc_App)
/cygdrive/c/TWESDK/Wks_ToCoNet/KeyController/../../Wks_libToCoNet/libToCoNet/lib/libToCoNet_JN5164.a(ToCoNet_mod_Nwk_LayerTree.o)
                              objs_JN5164/KeyController.o (_ToCoNet_NwkLyTr_psConfig)
/cygdrive/c/TWESDK/Wks_ToCoNet/KeyController/../../Wks_libToCoNet/libToCoNet/lib/libToCoNet_JN5164.a(ToCoNet_mod_Channel_Mgr.o)
                              /cygdrive/c/TWESDK/Wks_ToCoNet/KeyController/../../Wks_libToCoNet/libToCoNet/lib/libToCoNet_JN5164.a(ToCoNet_main.o) (_ToCoNet_ChMgr_bCh_Reconfig)
/cygdrive/c/TWESDK/Wks_ToCoNet/KeyController/../../Wks_libToCoNet/libToCoNet/lib/libToCoNet_JN5164.a(Version.o)
                              /cygdrive/c/TWESDK/Wks_ToCoNet/KeyController/../../Wks_libToCoNet/libToCoNet/lib/libToCoNet_JN5164.a(ToCoNet_utils.o) (_au8ToCoNetVersionInfo)
/cygdrive/c/TWESDK/Wks_ToCoNet/KeyController/../../Wks_libToCoNet/libToCoNet/lib/libToCoNet_JN5164.a(AppQueueApi_ToCoNet.o)
                              /cygdrive/c/TWESDK/Wks_ToCoNet/KeyController/../../Wks_libToCoNet/libToCoNet/lib/libToCoNet_JN5164.a(ToCoNet_main.o) (_psAppQApiReadHwIndT)
/cygdrive/c/TWESDK/Wks_ToCoNet/KeyController/../../Wks_libToCoNet/libToCoNet/lib/libToCoNetExt_JN5164.a(AppStart.o)
                              /cygdrive/c/TWESDK/Wks_ToCoNet/KeyController/../../Wks_libToCoNet/libToCoNet/lib/libToCoNet_JN5164.a(ToCoNet_mod_Channel_Mgr.o) (__ToCoNet_bRfChChannel)
/cygdrive/c/TWESDK/Wks_ToCoNet/KeyController/../../Wks_libToCoNet/libToCoNet/lib/libToCoNetExt_JN5164.a(getMacAddr.o)
                              /cygdrive/c/TWESDK/Wks_ToCoNet/KeyController/../../Wks_libToCoNet/libToCoNet/lib/libToCoNet_JN5164.a(ToCoNet_main.o) (_ToCoNet_u32GetSerialOnBoot)
/cygdrive/c/TWESDK/Wks_ToCoNet/KeyController/../../Wks_libToCoNet/libToCoNet/lib/libToCoNetExt_JN5164.a(mac.o)
                              /cygdrive/c/TWESDK/Wks_ToCoNet/KeyController/../../Wks_libToCoNet/libToCoNet/lib/libToCoNet_JN5164.a(ToCoNet_main.o) (_Mac_bRxQueueReg)
/cygdrive/c/TWESDK/Wks_ToCoNet/KeyController/../../Wks_libToCoNet/libToCoNet/lib/libToCoNetExt_JN5164.a(AES_CCM.o)
                              /cygdrive/c/TWESDK/Wks_ToCoNet/KeyController/../../Wks_libToCoNet/libToCoNet/lib/libToCoNetExt_JN5164.a(mac.o) (_bAES_CCM_Encode)
/cygdrive/c/TWESDK/Wks_ToCoNet/KeyController/../../Wks_libToCoNet/libToCoNet/lib/libToCoNetExt_JN5164.a(eeprom_6x.o)
                              objs_JN5164/KeyController.o (_EEP_6x_bRead)
/cygdrive/c/TWESDK/Wks_ToCoNet/KeyController/../../Wks_libToCoNet/libToCoNet/lib/libToCoNetExt_JN5164.a(no_ack_handler.o)
                              /cygdrive/c/TWESDK/Wks_ToCoNet/KeyController/../../Wks_libToCoNet/libToCoNet/lib/libToCoNetExt_JN5164.a(AppStart.o) (_vInstallNoAckHandler)
/cygdrive/c/TWESDK/Wks_ToCoNet/KeyController/../../Wks_libToCoNet/libToCoNet/lib/libToCoNetExt_JN5164.a(Version.o)
                              /cygdrive/c/TWESDK/Wks_ToCoNet/KeyController/../../Wks_libToCoNet/libToCoNet/lib/libToCoNet_JN5164.a(ToCoNet_utils.o) (_au8ToCoNetExtVersionInfo)
[...]
Memory Configuration

Name             Origin             Length             Attributes
flash            0x00080000         0x00028000
ram              0x0400004c         0x00007fb4
*default*        0x00000000         0xffffffff

Linker script and memory map

LOAD objs_JN5164/KeyController.o
LOAD /cygdrive/c/TWESDK/Wks_ToCoNet/KeyController/../../Wks_libToCoNet/libToCoNet/lib/libToCoNet_JN5164.a
LOAD /cygdrive/c/TWESDK/Wks_ToCoNet/KeyController/../../Wks_libToCoNet/libToCoNet/lib/libToCoNetExt_JN5164.a
LOAD /cygdrive/c/TWESDK/Wks_ToCoNet/KeyController/../../Wks_libToCoNet/libToCoNet/lib/libToCoNetUtils_JN5164.a
START GROUP
LOAD /cygdrive/c/TWESDK/516x/Components/Library/libAppApi_JN516x.a
LOAD /cygdrive/c/TWESDK/516x/Components/Library/libMac_JN516x.a
LOAD /cygdrive/c/TWESDK/516x/Components/Library/libTof_JN516x.a
LOAD /cygdrive/c/TWESDK/516x/Components/Library/libXcv_JN516x.a
LOAD /cygdrive/c/TWESDK/516x/Components/Library/libAES_CCM_SW_PATCH_JN516x.a
LOAD /cygdrive/c/TWESDK/516x/Components/Library/libAes_JN516x.a
LOAD /cygdrive/c/TWESDK/516x/Components/Library/libTimerServer_JN516x.a
LOAD /cygdrive/c/TWESDK/516x/Components/Library/libHardwareApi_JN516x.a
LOAD /cygdrive/c/TWESDK/516x/Components/Library/libMicroSpecific_JN516x.a
LOAD /cygdrive/c/TWESDK/516x/Components/Library/libBoot_JN516x.a
LOAD /cygdrive/c/TWESDK/516x/Components/Library/libMaths_JN516x.a
LOAD /cygdrive/c/TWESDK/Wks_ToCoNet/KeyController/../../Wks_libToCoNet/libToCoNet/lib/libToCoNet_JN5164.a
LOAD /cygdrive/c/TWESDK/Wks_ToCoNet/KeyController/../../Wks_libToCoNet/libToCoNet/lib/libToCoNetExt_JN5164.a
LOAD /cygdrive/c/TWESDK/Wks_ToCoNet/KeyController/../../Wks_libToCoNet/libToCoNet/lib/libToCoNetUtils_JN5164.a
END GROUP
LOAD /cygdrive/c/TWESDK/Tools/ba-elf-ba2/bin/../lib/gcc/ba-elf/4.1.2/ba2/libgcc.a
LOAD /cygdrive/c/TWESDK/Tools/ba-elf-ba2/bin/../lib/gcc/ba-elf/4.1.2/../../../../ba-elf/lib/ba2/libc.a
LOAD /cygdrive/c/TWESDK/Tools/ba-elf-ba2/bin/../lib/gcc/ba-elf/4.1.2/ba2/libgcc.a
                0x00001000                _stack_size = 0x1000
                0x00080038                __exception_vsr_table = 0x80038
                0x04000000                _pSPIflashFncTable = 0x4000000
                0x00001000                _stack_size = 0x1000
                0x00000044                restore_state = 0x44
                0x0000004a                _bZSPIWaitWIPClear = 0x4a
                0x00000050                _u16ZSPIflashRDID = 0x50
                0x00000056                _u8SelectFlashChipType = 0x56
                0x0000005c                _memcpy = 0x5c
                0x00000066                _vBootFlashProg = 0x66
                [0x00000d16]                _minimum_heap_size = DEFINED (_minimum_heap_size)?_minimum_heap_size:0xd16
                0x00000000                _SwConfig = (DEFINED (g_bSWConf_Debug) | (DEFINED (g_bSWConf_AltDebugPort) << 0x1))

.version        0x0007fffc        0x4
                0x0007fffc        0x4 LONG 0x4030008

.bir            0x00080000       0x10
                0x00080000                _flash_start = <code 342> (.)
                0x00080000                _flash_beg = <code 342> (.)
                0x00080000        0x4 LONG 0x12345678
                0x00080004        0x4 LONG 0x11223344
                0x00080008        0x4 LONG 0x55667788
                0x0008000c        0x1 BYTE 0x8
                0x0008000d        0x1 BYTE 0x1
                0x0008000e        0x2 SHORT 0x0

.flashheader    0x00080010       0x28
                0x00080010        0x4 LONG 0x0
                0x00080014        0x4 LONG 0x0
                0x00080018        0x4 LONG 0x0
                0x0008001c        0x2 SHORT 0x0
                0x0008001e        0x2 SHORT 0x0 <code 342> (_SwConfig)
                0x00080020                _enc_start = <code 342> (.)
                0x00080020        0x4 LONG 0xe668 <code 342> (_image_len)
                0x00000000                _enc_offset = (_enc_start & 0xf)
                [0x00000020]                _enc_start = (_enc_start - _flash_beg)
                0x00080024        0x4 LONG 0x8e63c <code 342> (_flash_data_start)
                0x00080028        0x2 SHORT 0x13 ((<code 342> (_ram_data_start) / 0x4) & 0xffff)
                0x0008002a        0x2 SHORT 0xb ((<code 342> (_ram_data_len) / 0x4) & 0xffff)
                0x0008002c        0x2 SHORT 0x1e ((<code 342> (_bss_start) / 0x4) & 0xffff)
                0x0008002e        0x2 SHORT 0x716 ((<code 342> (_bss_len) / 0x4) & 0xffff)
                0x00080030        0x4 LONG 0x8486c <code 342> (_AppWarmStart)
                0x00080034        0x4 LONG 0x84a18 <code 342> (_AppColdStart)
                0x00000044                PROVIDE (_vException_BusError, restore_state)
                0x00000044                PROVIDE (_vException_UnalignedAccess, restore_state)
                0x00000044                PROVIDE (_vException_IllegalInstruction, restore_state)
                0x00000044                PROVIDE (_vException_SysCall, restore_state)
                0x00000044                PROVIDE (_vException_Trap, restore_state)
                0x00000044                PROVIDE (_vException_StackOverflow, restore_state)
                0x00080038                . = <code 342> (__exception_vsr_table)

.vsr_table      0x00080038       0x18
                0x00080038        0x4 LONG 0x44 <code 342> (_vException_BusError)
                0x0008003c        0x4 LONG 0x44 <code 342> (_vException_UnalignedAccess)
                0x00080040        0x4 LONG 0x44 <code 342> (_vException_IllegalInstruction)
                0x00080044        0x4 LONG 0x44 <code 342> (_vException_SysCall)
                0x00080048        0x4 LONG 0x44 <code 342> (_vException_Trap)
                0x0008004c        0x4 LONG 0x44 <code 342> (_vException_StackOverflow)

.vsr_handlers   0x00080050       0xab
 *(.vsr_handlers)
 .vsr_handlers  0x00080050       0xab /cygdrive/c/TWESDK/516x/Components/Library/libBoot_JN516x.a(ExceptionHandler.o)
                0x00080050                __exception_external_interrupt
                0x000800f9                __default_vsr_dummy

.rodata         0x000800fc      0x5b9
 *(.rodata*)
 .rodata.str1.1
                0x000800fc      0x108 objs_JN5164/KeyController.o
                                0x10f (size before relaxing)
 .rodata.str1.1
                0x00080204       0x11 /cygdrive/c/TWESDK/Wks_ToCoNet/KeyController/../../Wks_libToCoNet/libToCoNet/lib/libToCoNet_JN5164.a(ToCoNet_mod_Tx.o)
 *fill*         0x00080215        0x3 00
 .rodata.asStateFuncTbl
                0x00080218       0x38 /cygdrive/c/TWESDK/Wks_ToCoNet/KeyController/../../Wks_libToCoNet/libToCoNet/lib/libToCoNet_JN5164.a(ToCoNet_mod_Tx.o)
 .rodata.asStateFuncTbl
                0x00080250       0x30 /cygdrive/c/TWESDK/Wks_ToCoNet/KeyController/../../Wks_libToCoNet/libToCoNet/lib/libToCoNet_JN5164.a(ToCoNet_mod_NbScan.o)
 .rodata.str1.1
                0x00080280       0x47 /cygdrive/c/TWESDK/Wks_ToCoNet/KeyController/../../Wks_libToCoNet/libToCoNet/lib/libToCoNet_JN5164.a(ToCoNet_mod_Nwk_LayerTree.o)
 *fill*         0x000802c7        0x1 00
 .rodata.asStateFuncTbl.4920
                0x000802c8       0x38 /cygdrive/c/TWESDK/Wks_ToCoNet/KeyController/../../Wks_libToCoNet/libToCoNet/lib/libToCoNet_JN5164.a(ToCoNet_mod_Nwk_LayerTree.o)
 .rodata.au8ToCoNetVersionInfo
                0x00080300        0xc /cygdrive/c/TWESDK/Wks_ToCoNet/KeyController/../../Wks_libToCoNet/libToCoNet/lib/libToCoNet_JN5164.a(Version.o)
                0x00080300                _au8ToCoNetVersionInfo
 .rodata.str1.1
                0x0008030c       0x11 /cygdrive/c/TWESDK/Wks_ToCoNet/KeyController/../../Wks_libToCoNet/libToCoNet/lib/libToCoNetExt_JN5164.a(AppStart.o)
 .rodata        0x0008031d       0x11 /cygdrive/c/TWESDK/Wks_ToCoNet/KeyController/../../Wks_libToCoNet/libToCoNet/lib/libToCoNetExt_JN5164.a(AppStart.o)
 .rodata.au8k.5340
                0x0008032e       0x20 /cygdrive/c/TWESDK/Wks_ToCoNet/KeyController/../../Wks_libToCoNet/libToCoNet/lib/libToCoNetExt_JN5164.a(AppStart.o)
 .rodata.au8k.5378
                0x0008034e       0x20 /cygdrive/c/TWESDK/Wks_ToCoNet/KeyController/../../Wks_libToCoNet/libToCoNet/lib/libToCoNetExt_JN5164.a(AppStart.o)
 .rodata.str1.1
                0x0008036e       0x11 /cygdrive/c/TWESDK/Wks_ToCoNet/KeyController/../../Wks_libToCoNet/libToCoNet/lib/libToCoNetExt_JN5164.a(mac.o)
 *fill*         0x0008037f        0x1 00
 .rodata.u32MacHigh_TOCOS
                0x00080380        0x4 /cygdrive/c/TWESDK/Wks_ToCoNet/KeyController/../../Wks_libToCoNet/libToCoNet/lib/libToCoNetExt_JN5164.a(mac.o)
                0x00080380                _u32MacHigh_TOCOS
 .rodata.u32MacLow_TOCOS
                0x00080384        0x4 /cygdrive/c/TWESDK/Wks_ToCoNet/KeyController/../../Wks_libToCoNet/libToCoNet/lib/libToCoNetExt_JN5164.a(mac.o)
                0x00080384                _u32MacLow_TOCOS
 .rodata.au8SpeedCodeToEepromClkDivisors
                0x00080388        0x8 /cygdrive/c/TWESDK/Wks_ToCoNet/KeyController/../../Wks_libToCoNet/libToCoNet/lib/libToCoNetExt_JN5164.a(PDM_EEPROM.o)
 .rodata.u8CRCTable
                0x00080390      0x100 /cygdrive/c/TWESDK/Wks_ToCoNet/KeyController/../../Wks_libToCoNet/libToCoNet/lib/libToCoNetUtils_JN5164.a(ccitt8.o)
 .rodata.str1.1
                0x00080490        0x7 /cygdrive/c/TWESDK/Wks_ToCoNet/KeyController/../../Wks_libToCoNet/libToCoNet/lib/libToCoNetUtils_JN5164.a(fprintf.o)
 *fill*         0x00080497        0x1 00
 .rodata.s_sPibInit
                0x00080498       0x18 /cygdrive/c/TWESDK/516x/Components/Library/libMac_JN516x.a(mac_pib_mlme.o)
 .rodata.aeXcvPhyEvtToScanEvt.4240
                0x000804b0       0x18 /cygdrive/c/TWESDK/516x/Components/Library/libMac_JN516x.a(mac_scan.o)
 .rodata.aeXcvBbcEvtToScanEvt.4230
                0x000804c8        0xa /cygdrive/c/TWESDK/516x/Components/Library/libMac_JN516x.a(mac_scan.o)
 .rodata.s_atScanEvtST
                0x000804d2       0x31 /cygdrive/c/TWESDK/516x/Components/Library/libMac_JN516x.a(mac_scan.o)
 *fill*         0x00080503        0x1 00
 .rodata.s_aprScanHandleEvt
                0x00080504       0x30 /cygdrive/c/TWESDK/516x/Components/Library/libMac_JN516x.a(mac_scan.o)
 .rodata.psTAMcontext
                0x00080534        0x4 /cygdrive/c/TWESDK/516x/Components/Library/libMac_JN516x.a(TAM.o)
                0x00080534                _psTAMcontext
 .rodata.psTamMacContext
                0x00080538        0x4 /cygdrive/c/TWESDK/516x/Components/Library/libMac_JN516x.a(TAM.o)
                0x00080538                _psTamMacContext
 .rodata.psTamXcvContext
                0x0008053c        0x4 /cygdrive/c/TWESDK/516x/Components/Library/libMac_JN516x.a(TAM.o)
                0x0008053c                _psTamXcvContext
 .rodata.au8XcvToTAMevent.4757
                0x00080540        0xa /cygdrive/c/TWESDK/516x/Components/Library/libMac_JN516x.a(TAM.o)
 .rodata.au8HeaderSize.4215
                0x0008054a        0xe /cygdrive/c/TWESDK/516x/Components/Library/libMac_JN516x.a(TAMcommon.o)
 .rodata.apvActionCalls
                0x00080558       0x88 /cygdrive/c/TWESDK/516x/Components/Library/libMac_JN516x.a(TAMevent.o)
                0x00080558                _apvActionCalls
 .rodata.au8StateActions
                0x000805e0       0x8c /cygdrive/c/TWESDK/516x/Components/Library/libMac_JN516x.a(TAMevent.o)
                0x000805e0                _au8StateActions
 .rodata.au8SizeInc.4433
                0x0008066c        0x9 /cygdrive/c/TWESDK/516x/Components/Library/libMac_JN516x.a(TAMsecurity.o)
 .rodata.au8MICLenLUT.3714
                0x00080675        0x4 /cygdrive/c/TWESDK/516x/Components/Library/libMac_JN516x.a(TAMsecurity.o)
 .rodata.au8FlashWaitStates32MXO
                0x00080679        0x8 /cygdrive/c/TWESDK/516x/Components/Library/libHardwareApi_JN516x.a(AHI_System.o)
 .rodata.au8FlashWaitStatesHSRCO
                0x00080681        0x8 /cygdrive/c/TWESDK/516x/Components/Library/libHardwareApi_JN516x.a(AHI_System.o)
 *fill*         0x00080689        0x3 00
 .rodata.au32TimerBaseAddress
                0x0008068c       0x14 /cygdrive/c/TWESDK/516x/Components/Library/libHardwareApi_JN516x.a(AHI_Timer.o)
 .rodata.au32UartAddrOffset
                0x000806a0        0x8 /cygdrive/c/TWESDK/516x/Components/Library/libHardwareApi_JN516x.a(AHI_Uart.o)
                0x000806a0                _au32UartAddrOffset
 .rodata.au8dataSizeTable
                0x000806a8        0xd /cygdrive/c/TWESDK/516x/Components/Library/libAes_JN516x.a(AEScoprocessorAPI.o)
                0x000806a8                _au8dataSizeTable

.text           0x000806b8     0xdf84
 *(.text*)
 .text.cbToCoNet_vNwkEvent
                0x000806b8        0x3 objs_JN5164/KeyController.o
                0x000806b8                _cbToCoNet_vNwkEvent
 .text.cbToCoNet_vTxEvent
                0x000806bb        0x3 objs_JN5164/KeyController.o
                0x000806bb                _cbToCoNet_vTxEvent
 .text.cbToCoNet_vHwEvent
                0x000806be        0x3 objs_JN5164/KeyController.o
                0x000806be                _cbToCoNet_vHwEvent
 .text.cbToCoNet_u8HwInt
                0x000806c1        0x5 objs_JN5164/KeyController.o
                0x000806c1                _cbToCoNet_u8HwInt
 .text.vReadRom
                0x000806c6       0x51 objs_JN5164/KeyController.o
 .text.vInitHardware
                0x00080717       0x8a objs_JN5164/KeyController.o
 .text.cbAppWarmStart
                0x000807a1       0x4a objs_JN5164/KeyController.o
                0x000807a1                _cbAppWarmStart
 .text.vProcessEvCore
                0x000807eb       0x36 objs_JN5164/KeyController.o
 .text.bSMBusWait
                0x00080821       0x3c objs_JN5164/KeyController.o
 .text.bSMBusSequentialRead
                0x0008085d       0x73 objs_JN5164/KeyController.o
                0x0008085d                _bSMBusSequentialRead
 .text.bSMBusWrite
                0x000808d0       0x7a objs_JN5164/KeyController.o
                0x000808d0                _bSMBusWrite
 .text.vLockClose
                0x0008094a       0xb1 objs_JN5164/KeyController.o
 .text.vLockOpen
                0x000809fb       0xa1 objs_JN5164/KeyController.o
 .text.vPin     0x00080a9c      0x29d objs_JN5164/KeyController.o
 .text.cbToCoNet_vMain
                0x00080d39      0x183 objs_JN5164/KeyController.o
                0x00080d39                _cbToCoNet_vMain
 .text.cbToCoNet_vRxEvent
                0x00080ebc      0x2df objs_JN5164/KeyController.o
                0x00080ebc                _cbToCoNet_vRxEvent
 .text.vSMBusInit
                0x0008119b        0xd objs_JN5164/KeyController.o
                0x0008119b                _vSMBusInit
 .text.cbAppColdStart
                0x000811a8       0xf3 objs_JN5164/KeyController.o
                0x000811a8                _cbAppColdStart
 .text.PRSEV_u8Register
                0x0008129b       0x32 /cygdrive/c/TWESDK/Wks_ToCoNet/KeyController/../../Wks_libToCoNet/libToCoNet/lib/libToCoNet_JN5164.a(ToCoNet_event.o)
                0x0008129b                _PRSEV_u8Register
 .text.PRSEV_peGetContext
                0x000812cd       0x2b /cygdrive/c/TWESDK/Wks_ToCoNet/KeyController/../../Wks_libToCoNet/libToCoNet/lib/libToCoNet_JN5164.a(ToCoNet_event.o)
                0x000812cd                _PRSEV_peGetContext
 .text.PRSEV_peGetContextH
                0x000812f8       0x14 /cygdrive/c/TWESDK/Wks_ToCoNet/KeyController/../../Wks_libToCoNet/libToCoNet/lib/libToCoNet_JN5164.a(ToCoNet_event.o)
                0x000812f8                _PRSEV_peGetContextH
 .text.PRSEV_vSetStateAll
                0x0008130c       0x3b /cygdrive/c/TWESDK/Wks_ToCoNet/KeyController/../../Wks_libToCoNet/libToCoNet/lib/libToCoNet_JN5164.a(ToCoNet_event.o)
                0x0008130c                _PRSEV_vSetStateAll
 .text.PRSEV_vSetState
                0x00081347       0x10 /cygdrive/c/TWESDK/Wks_ToCoNet/KeyController/../../Wks_libToCoNet/libToCoNet/lib/libToCoNet_JN5164.a(ToCoNet_event.o)
                0x00081347                _PRSEV_vSetState
 .text.PRSEV_vProcessEv_core
                0x00081357       0x8f /cygdrive/c/TWESDK/Wks_ToCoNet/KeyController/../../Wks_libToCoNet/libToCoNet/lib/libToCoNet_JN5164.a(ToCoNet_event.o)
 .text.PRSEV_vProcessEvPost
                0x000813e6       0x35 /cygdrive/c/TWESDK/Wks_ToCoNet/KeyController/../../Wks_libToCoNet/libToCoNet/lib/libToCoNet_JN5164.a(ToCoNet_event.o)
                0x000813e6                _PRSEV_vProcessEvPost
 .text._PRSEV_vProcessEv
                0x0008141b       0x16 /cygdrive/c/TWESDK/Wks_ToCoNet/KeyController/../../Wks_libToCoNet/libToCoNet/lib/libToCoNet_JN5164.a(ToCoNet_event.o)
                0x0008141b                __PRSEV_vProcessEv
 .text._PRSEV_vProcessEvSingle
                0x00081431       0x14 /cygdrive/c/TWESDK/Wks_ToCoNet/KeyController/../../Wks_libToCoNet/libToCoNet/lib/libToCoNet_JN5164.a(ToCoNet_event.o)
                0x00081431                __PRSEV_vProcessEvSingle
 .text._PRSEV_vProcessEvSingleH
                0x00081445       0x16 /cygdrive/c/TWESDK/Wks_ToCoNet/KeyController/../../Wks_libToCoNet/libToCoNet/lib/libToCoNet_JN5164.a(ToCoNet_event.o)
                0x00081445                __PRSEV_vProcessEvSingleH
 .text.PRSEV_eGetState
                0x0008145b       0x18 /cygdrive/c/TWESDK/Wks_ToCoNet/KeyController/../../Wks_libToCoNet/libToCoNet/lib/libToCoNet_JN5164.a(ToCoNet_event.o)
                0x0008145b                _PRSEV_eGetState
 .text.ToCoNet_Event_StateExec
                0x00081473       0x31 /cygdrive/c/TWESDK/Wks_ToCoNet/KeyController/../../Wks_libToCoNet/libToCoNet/lib/libToCoNet_JN5164.a(ToCoNet_event.o)
                0x00081473                _ToCoNet_Event_StateExec
 .text.PRSEV_vInit
                0x000814a4       0x4d /cygdrive/c/TWESDK/Wks_ToCoNet/KeyController/../../Wks_libToCoNet/libToCoNet/lib/libToCoNet_JN5164.a(ToCoNet_event.o)
                0x000814a4                _PRSEV_vInit
 .text.ToCoNet_vDebugInit
                0x000814f1        0x9 /cygdrive/c/TWESDK/Wks_ToCoNet/KeyController/../../Wks_libToCoNet/libToCoNet/lib/libToCoNet_JN5164.a(ToCoNet_main.o)
                0x000814f1                _ToCoNet_vDebugInit
 .text.ToCoNet_vDebugLevel
                0x000814fa        0x9 /cygdrive/c/TWESDK/Wks_ToCoNet/KeyController/../../Wks_libToCoNet/libToCoNet/lib/libToCoNet_JN5164.a(ToCoNet_main.o)
                0x000814fa                _ToCoNet_vDebugLevel
 .text._ToCoNet_bRaisePanic
                0x00081503       0x3b /cygdrive/c/TWESDK/Wks_ToCoNet/KeyController/../../Wks_libToCoNet/libToCoNet/lib/libToCoNet_JN5164.a(ToCoNet_main.o)
                0x00081503                __ToCoNet_bRaisePanic
 .text.ToCoNet_vMacStart
                0x0008153e       0x11 /cygdrive/c/TWESDK/Wks_ToCoNet/KeyController/../../Wks_libToCoNet/libToCoNet/lib/libToCoNet_JN5164.a(ToCoNet_main.o)
                0x0008153e                _ToCoNet_vMacStart
 .text.ToCoNet_vMain
                0x0008154f      0x26c /cygdrive/c/TWESDK/Wks_ToCoNet/KeyController/../../Wks_libToCoNet/libToCoNet/lib/libToCoNet_JN5164.a(ToCoNet_main.o)
                0x0008154f                _ToCoNet_vMain
 .text.vProcessEvCoreMac
                0x000817bb       0x7a /cygdrive/c/TWESDK/Wks_ToCoNet/KeyController/../../Wks_libToCoNet/libToCoNet/lib/libToCoNet_JN5164.a(ToCoNet_main.o)
                0x000817bb                _vProcessEvCoreMac
 .text.ToCoNet_vStart
                0x00081835      0x3e2 /cygdrive/c/TWESDK/Wks_ToCoNet/KeyController/../../Wks_libToCoNet/libToCoNet/lib/libToCoNet_JN5164.a(ToCoNet_main.o)
                0x00081835                _ToCoNet_vStart
 .text.ToCoNet_vInit
                0x00081c17      0x135 /cygdrive/c/TWESDK/Wks_ToCoNet/KeyController/../../Wks_libToCoNet/libToCoNet/lib/libToCoNet_JN5164.a(ToCoNet_main.o)
                0x00081c17                _ToCoNet_vInit
 .text.u8HwEventHandler
                0x00081d4c       0x27 /cygdrive/c/TWESDK/Wks_ToCoNet/KeyController/../../Wks_libToCoNet/libToCoNet/lib/libToCoNet_JN5164.a(ToCoNet_main.o)
 .text.ToCoNet_u32GetVersion
                0x00081d73       0x21 /cygdrive/c/TWESDK/Wks_ToCoNet/KeyController/../../Wks_libToCoNet/libToCoNet/lib/libToCoNet_JN5164.a(ToCoNet_utils.o)
                0x00081d73                _ToCoNet_u32GetVersion
 .text.ToCoNet_u16GetPanId
                0x00081d94        0x9 /cygdrive/c/TWESDK/Wks_ToCoNet/KeyController/../../Wks_libToCoNet/libToCoNet/lib/libToCoNet_JN5164.a(ToCoNet_utils.o)
                0x00081d94                _ToCoNet_u16GetPanId
 .text.ToCoNet_u32GetRand
                0x00081d9d       0x65 /cygdrive/c/TWESDK/Wks_ToCoNet/KeyController/../../Wks_libToCoNet/libToCoNet/lib/libToCoNet_JN5164.a(ToCoNet_utils.o)
                0x00081d9d                _ToCoNet_u32GetRand
 .text.ToCoNet_vReg_mod_Tx_Standard
                0x00081e02       0x1d /cygdrive/c/TWESDK/Wks_ToCoNet/KeyController/../../Wks_libToCoNet/libToCoNet/lib/libToCoNet_JN5164.a(ToCoNet_mod_Tx.o)
                0x00081e02                _ToCoNet_vReg_mod_Tx_Standard
 .text.vProcessEvCoreTx
                0x00081e1f       0x67 /cygdrive/c/TWESDK/Wks_ToCoNet/KeyController/../../Wks_libToCoNet/libToCoNet/lib/libToCoNet_JN5164.a(ToCoNet_mod_Tx.o)
 .text.vHnd_E_STATE_FINISH_TX_SUCCESS
                0x00081e86       0x9b /cygdrive/c/TWESDK/Wks_ToCoNet/KeyController/../../Wks_libToCoNet/libToCoNet/lib/libToCoNet_JN5164.a(ToCoNet_mod_Tx.o)
 .text.vHnd_E_STATE_WAIT_TX
                0x00081f21       0x71 /cygdrive/c/TWESDK/Wks_ToCoNet/KeyController/../../Wks_libToCoNet/libToCoNet/lib/libToCoNet_JN5164.a(ToCoNet_mod_Tx.o)
 .text.vHnd_E_STATE_PREPARE_TX
                0x00081f92      0x160 /cygdrive/c/TWESDK/Wks_ToCoNet/KeyController/../../Wks_libToCoNet/libToCoNet/lib/libToCoNet_JN5164.a(ToCoNet_mod_Tx.o)
 .text.vHnd_E_STATE_IDLE
                0x000820f2       0x49 /cygdrive/c/TWESDK/Wks_ToCoNet/KeyController/../../Wks_libToCoNet/libToCoNet/lib/libToCoNet_JN5164.a(ToCoNet_mod_Tx.o)
 .text.vHnd_E_STATE_RUNNING
                0x0008213b      0x202 /cygdrive/c/TWESDK/Wks_ToCoNet/KeyController/../../Wks_libToCoNet/libToCoNet/lib/libToCoNet_JN5164.a(ToCoNet_mod_Tx.o)
 .text.vHnd_E_STATE_FINISH_TX_FAIL
                0x0008233d       0xc2 /cygdrive/c/TWESDK/Wks_ToCoNet/KeyController/../../Wks_libToCoNet/libToCoNet/lib/libToCoNet_JN5164.a(ToCoNet_mod_Tx.o)
 .text.ToCoNet_vReg_mod_NbScan
                0x000823ff       0x20 /cygdrive/c/TWESDK/Wks_ToCoNet/KeyController/../../Wks_libToCoNet/libToCoNet/lib/libToCoNet_JN5164.a(ToCoNet_mod_NbScan.o)
                0x000823ff                _ToCoNet_vReg_mod_NbScan
 .text.iNbScCompare
                0x0008241f       0x25 /cygdrive/c/TWESDK/Wks_ToCoNet/KeyController/../../Wks_libToCoNet/libToCoNet/lib/libToCoNet_JN5164.a(ToCoNet_mod_NbScan.o)
 .text.vSetEnt  0x00082444       0x4e /cygdrive/c/TWESDK/Wks_ToCoNet/KeyController/../../Wks_libToCoNet/libToCoNet/lib/libToCoNet_JN5164.a(ToCoNet_mod_NbScan.o)
 .text.ToCoNet_bNeighbourScanStartCore
                0x00082492       0x96 /cygdrive/c/TWESDK/Wks_ToCoNet/KeyController/../../Wks_libToCoNet/libToCoNet/lib/libToCoNet_JN5164.a(ToCoNet_mod_NbScan.o)
 .text.ToCoNet_NbScan_bStartToFindRole
                0x00082528       0x37 /cygdrive/c/TWESDK/Wks_ToCoNet/KeyController/../../Wks_libToCoNet/libToCoNet/lib/libToCoNet_JN5164.a(ToCoNet_mod_NbScan.o)
                0x00082528                _ToCoNet_NbScan_bStartToFindRole
 .text.ToCoNet_NbScan_bStartToFindAddrCb
                0x0008255f       0x52 /cygdrive/c/TWESDK/Wks_ToCoNet/KeyController/../../Wks_libToCoNet/libToCoNet/lib/libToCoNet_JN5164.a(ToCoNet_mod_NbScan.o)
                0x0008255f                _ToCoNet_NbScan_bStartToFindAddrCb
 .text.vProcessEvModNeighbourScan
                0x000825b1       0x4d /cygdrive/c/TWESDK/Wks_ToCoNet/KeyController/../../Wks_libToCoNet/libToCoNet/lib/libToCoNet_JN5164.a(ToCoNet_mod_NbScan.o)
 .text.vHnd_E_STATE_IDLE
                0x000825fe       0x2f /cygdrive/c/TWESDK/Wks_ToCoNet/KeyController/../../Wks_libToCoNet/libToCoNet/lib/libToCoNet_JN5164.a(ToCoNet_mod_NbScan.o)
 .text.vHnd_E_STATE_FINISHED
                0x0008262d       0xa5 /cygdrive/c/TWESDK/Wks_ToCoNet/KeyController/../../Wks_libToCoNet/libToCoNet/lib/libToCoNet_JN5164.a(ToCoNet_mod_NbScan.o)
 .text.vHnd_E_STATE_WAIT_COMMAND
                0x000826d2      0x347 /cygdrive/c/TWESDK/Wks_ToCoNet/KeyController/../../Wks_libToCoNet/libToCoNet/lib/libToCoNet_JN5164.a(ToCoNet_mod_NbScan.o)
 .text.vHnd_E_STATE_SCANNING
                0x00082a19       0xa2 /cygdrive/c/TWESDK/Wks_ToCoNet/KeyController/../../Wks_libToCoNet/libToCoNet/lib/libToCoNet_JN5164.a(ToCoNet_mod_NbScan.o)
 .text.vHnd_E_STATE_SCANNING_INIT
                0x00082abb       0x6e /cygdrive/c/TWESDK/Wks_ToCoNet/KeyController/../../Wks_libToCoNet/libToCoNet/lib/libToCoNet_JN5164.a(ToCoNet_mod_NbScan.o)
 .text.RepondList_bFind
                0x00082b29       0x4b /cygdrive/c/TWESDK/Wks_ToCoNet/KeyController/../../Wks_libToCoNet/libToCoNet/lib/libToCoNet_JN5164.a(ToCoNet_mod_NbScan_Slave.o)
 .text.ToCoNet_vReg_mod_NbScan_Slave
                0x00082b74       0x45 /cygdrive/c/TWESDK/Wks_ToCoNet/KeyController/../../Wks_libToCoNet/libToCoNet/lib/libToCoNet_JN5164.a(ToCoNet_mod_NbScan_Slave.o)
                0x00082b74                _ToCoNet_vReg_mod_NbScan_Slave
 .text.vTransmit
                0x00082bb9      0x177 /cygdrive/c/TWESDK/Wks_ToCoNet/KeyController/../../Wks_libToCoNet/libToCoNet/lib/libToCoNet_JN5164.a(ToCoNet_mod_NbScan_Slave.o)
 .text.vProcessEvModNeighbourScanSlave
                0x00082d30      0x164 /cygdrive/c/TWESDK/Wks_ToCoNet/KeyController/../../Wks_libToCoNet/libToCoNet/lib/libToCoNet_JN5164.a(ToCoNet_mod_NbScan_Slave.o)
 .text.ToCoNet_vReg_mod_TxRxQueueMid
                0x00082e94       0x84 /cygdrive/c/TWESDK/Wks_ToCoNet/KeyController/../../Wks_libToCoNet/libToCoNet/lib/libToCoNet_JN5164.a(ToCoNet_mod_TxRxQueue.o)
                0x00082e94                _ToCoNet_vReg_mod_TxRxQueueMid
 .text.ToCoNet_vRxProc_App
                0x00082f18       0x81 /cygdrive/c/TWESDK/Wks_ToCoNet/KeyController/../../Wks_libToCoNet/libToCoNet/lib/libToCoNet_JN5164.a(ToCoNet_mod_Nwk_Common.o)
                0x00082f18                _ToCoNet_vRxProc_App
 .text.ToCoNet_vRxProc_Mod
                0x00082f99       0x49 /cygdrive/c/TWESDK/Wks_ToCoNet/KeyController/../../Wks_libToCoNet/libToCoNet/lib/libToCoNet_JN5164.a(ToCoNet_mod_Nwk_Common.o)
                0x00082f99                _ToCoNet_vRxProc_Mod
 .text.u32GenRouteCtlInfo
                0x00082fe2       0x24 /cygdrive/c/TWESDK/Wks_ToCoNet/KeyController/../../Wks_libToCoNet/libToCoNet/lib/libToCoNet_JN5164.a(ToCoNet_mod_Nwk_LayerTree.o)
 .text.DupPkt_bAdd
                0x00083006       0x70 /cygdrive/c/TWESDK/Wks_ToCoNet/KeyController/../../Wks_libToCoNet/libToCoNet/lib/libToCoNet_JN5164.a(ToCoNet_mod_Nwk_LayerTree.o)
 .text.u8UpdateXOR
                0x00083076       0x16 /cygdrive/c/TWESDK/Wks_ToCoNet/KeyController/../../Wks_libToCoNet/libToCoNet/lib/libToCoNet_JN5164.a(ToCoNet_mod_Nwk_LayerTree.o)
 .text.vHnd_E_STATE_DISCONNECT
                0x0008308c       0x27 /cygdrive/c/TWESDK/Wks_ToCoNet/KeyController/../../Wks_libToCoNet/libToCoNet/lib/libToCoNet_JN5164.a(ToCoNet_mod_Nwk_LayerTree.o)
 .text.vHnd_E_STATE_LOCATING
                0x000830b3      0x14a /cygdrive/c/TWESDK/Wks_ToCoNet/KeyController/../../Wks_libToCoNet/libToCoNet/lib/libToCoNet_JN5164.a(ToCoNet_mod_Nwk_LayerTree.o)
 .text.vHnd_E_STATE_SCANNING
                0x000831fd      0x246 /cygdrive/c/TWESDK/Wks_ToCoNet/KeyController/../../Wks_libToCoNet/libToCoNet/lib/libToCoNet_JN5164.a(ToCoNet_mod_Nwk_LayerTree.o)
 .text.ToCoNet_NwkLyTr_psConfig
                0x00083443      0x219 /cygdrive/c/TWESDK/Wks_ToCoNet/KeyController/../../Wks_libToCoNet/libToCoNet/lib/libToCoNet_JN5164.a(ToCoNet_mod_Nwk_LayerTree.o)
                0x00083443                _ToCoNet_NwkLyTr_psConfig
 .text.ToCoNet_vReg_mod_Nwk_LayerTree
                0x0008365c       0x45 /cygdrive/c/TWESDK/Wks_ToCoNet/KeyController/../../Wks_libToCoNet/libToCoNet/lib/libToCoNet_JN5164.a(ToCoNet_mod_Nwk_LayerTree.o)
                0x0008365c                _ToCoNet_vReg_mod_Nwk_LayerTree
 .text.DupPkt_vInit
                0x000836a1       0x1b /cygdrive/c/TWESDK/Wks_ToCoNet/KeyController/../../Wks_libToCoNet/libToCoNet/lib/libToCoNet_JN5164.a(ToCoNet_mod_Nwk_LayerTree.o)
 .text.vHnd_E_STATE_RUNNING
                0x000836bc       0xc2 /cygdrive/c/TWESDK/Wks_ToCoNet/KeyController/../../Wks_libToCoNet/libToCoNet/lib/libToCoNet_JN5164.a(ToCoNet_mod_Nwk_LayerTree.o)
 .text.bTxReq   0x0008377e      0x248 /cygdrive/c/TWESDK/Wks_ToCoNet/KeyController/../../Wks_libToCoNet/libToCoNet/lib/libToCoNet_JN5164.a(ToCoNet_mod_Nwk_LayerTree.o)
 .text.ToCoNet_bNwk_Pause_LayerTree
                0x000839c6       0x78 /cygdrive/c/TWESDK/Wks_ToCoNet/KeyController/../../Wks_libToCoNet/libToCoNet/lib/libToCoNet_JN5164.a(ToCoNet_mod_Nwk_LayerTree.o)
 .text.vProcessEvCoreNwkLayerTree
                0x00083a3e      0x5ce /cygdrive/c/TWESDK/Wks_ToCoNet/KeyController/../../Wks_libToCoNet/libToCoNet/lib/libToCoNet_JN5164.a(ToCoNet_mod_Nwk_LayerTree.o)
                0x00083a3e                _vProcessEvCoreNwkLayerTree
 .text.ToCoNet_bNwk_Start_LayerTree
                0x0008400c       0x8f /cygdrive/c/TWESDK/Wks_ToCoNet/KeyController/../../Wks_libToCoNet/libToCoNet/lib/libToCoNet_JN5164.a(ToCoNet_mod_Nwk_LayerTree.o)
 .text.ToCoNet_bNwk_Resume_LayerTree
                0x0008409b       0x6f /cygdrive/c/TWESDK/Wks_ToCoNet/KeyController/../../Wks_libToCoNet/libToCoNet/lib/libToCoNet_JN5164.a(ToCoNet_mod_Nwk_LayerTree.o)
 .text.ToCoNet_bNwk_Init_LayerTree
                0x0008410a       0x3b /cygdrive/c/TWESDK/Wks_ToCoNet/KeyController/../../Wks_libToCoNet/libToCoNet/lib/libToCoNet_JN5164.a(ToCoNet_mod_Nwk_LayerTree.o)
 .text.ToCoNet_bNwk_Stop_LayerTree
                0x00084145       0x67 /cygdrive/c/TWESDK/Wks_ToCoNet/KeyController/../../Wks_libToCoNet/libToCoNet/lib/libToCoNet_JN5164.a(ToCoNet_mod_Nwk_LayerTree.o)
 .text.vHnd_E_STATE_PAUSE
                0x000841ac       0x6a /cygdrive/c/TWESDK/Wks_ToCoNet/KeyController/../../Wks_libToCoNet/libToCoNet/lib/libToCoNet_JN5164.a(ToCoNet_mod_Nwk_LayerTree.o)
 .text.vHnd_E_STATE_IDLE
                0x00084216      0x101 /cygdrive/c/TWESDK/Wks_ToCoNet/KeyController/../../Wks_libToCoNet/libToCoNet/lib/libToCoNet_JN5164.a(ToCoNet_mod_Nwk_LayerTree.o)
 .text.ToCoNet_ChMgr_bCh_Reconfig
                0x00084317       0x68 /cygdrive/c/TWESDK/Wks_ToCoNet/KeyController/../../Wks_libToCoNet/libToCoNet/lib/libToCoNet_JN5164.a(ToCoNet_mod_Channel_Mgr.o)
                0x00084317                _ToCoNet_ChMgr_bCh_Reconfig
 .text.ToCoNet_ChMgr_vCh_TxFin
                0x0008437f       0x30 /cygdrive/c/TWESDK/Wks_ToCoNet/KeyController/../../Wks_libToCoNet/libToCoNet/lib/libToCoNet_JN5164.a(ToCoNet_mod_Channel_Mgr.o)
                0x0008437f                _ToCoNet_ChMgr_vCh_TxFin
 .text.ToCoNet_ChMgr_vCh_Release
                0x000843af       0x24 /cygdrive/c/TWESDK/Wks_ToCoNet/KeyController/../../Wks_libToCoNet/libToCoNet/lib/libToCoNet_JN5164.a(ToCoNet_mod_Channel_Mgr.o)
                0x000843af                _ToCoNet_ChMgr_vCh_Release
 .text.ToCoNet_ChMgr_bCh_Hold
                0x000843d3       0x36 /cygdrive/c/TWESDK/Wks_ToCoNet/KeyController/../../Wks_libToCoNet/libToCoNet/lib/libToCoNet_JN5164.a(ToCoNet_mod_Channel_Mgr.o)
                0x000843d3                _ToCoNet_ChMgr_bCh_Hold
 .text.ToCoNet_ChMgr_bCh_Change
                0x00084409       0x28 /cygdrive/c/TWESDK/Wks_ToCoNet/KeyController/../../Wks_libToCoNet/libToCoNet/lib/libToCoNet_JN5164.a(ToCoNet_mod_Channel_Mgr.o)
                0x00084409                _ToCoNet_ChMgr_bCh_Change
 .text.ToCoNet_ChMgr_bCh_OnTx
                0x00084431       0x6d /cygdrive/c/TWESDK/Wks_ToCoNet/KeyController/../../Wks_libToCoNet/libToCoNet/lib/libToCoNet_JN5164.a(ToCoNet_mod_Channel_Mgr.o)
                0x00084431                _ToCoNet_ChMgr_bCh_OnTx
 .text.vFifoInit
                0x0008449e       0x14 /cygdrive/c/TWESDK/Wks_ToCoNet/KeyController/../../Wks_libToCoNet/libToCoNet/lib/libToCoNet_JN5164.a(AppQueueApi_ToCoNet.o)
 .text.pvFifoPull
                0x000844b2       0x23 /cygdrive/c/TWESDK/Wks_ToCoNet/KeyController/../../Wks_libToCoNet/libToCoNet/lib/libToCoNet_JN5164.a(AppQueueApi_ToCoNet.o)
 .text.psAppQApiGetMcpsBuffer
                0x000844d5        0xc /cygdrive/c/TWESDK/Wks_ToCoNet/KeyController/../../Wks_libToCoNet/libToCoNet/lib/libToCoNet_JN5164.a(AppQueueApi_ToCoNet.o)
 .text.psAppQApiGetMlmeBuffer
                0x000844e1        0xc /cygdrive/c/TWESDK/Wks_ToCoNet/KeyController/../../Wks_libToCoNet/libToCoNet/lib/libToCoNet_JN5164.a(AppQueueApi_ToCoNet.o)
 .text.psAppQApiReadHwIndT
                0x000844ed        0xc /cygdrive/c/TWESDK/Wks_ToCoNet/KeyController/../../Wks_libToCoNet/libToCoNet/lib/libToCoNet_JN5164.a(AppQueueApi_ToCoNet.o)
                0x000844ed                _psAppQApiReadHwIndT
 .text.psAppQApiReadMcpsIndT
                0x000844f9        0xc /cygdrive/c/TWESDK/Wks_ToCoNet/KeyController/../../Wks_libToCoNet/libToCoNet/lib/libToCoNet_JN5164.a(AppQueueApi_ToCoNet.o)
                0x000844f9                _psAppQApiReadMcpsIndT
 .text.psAppQApiReadMlmeIndT
                0x00084505        0xc /cygdrive/c/TWESDK/Wks_ToCoNet/KeyController/../../Wks_libToCoNet/libToCoNet/lib/libToCoNet_JN5164.a(AppQueueApi_ToCoNet.o)
                0x00084505                _psAppQApiReadMlmeIndT
 .text.bFifoPush
                0x00084511       0x28 /cygdrive/c/TWESDK/Wks_ToCoNet/KeyController/../../Wks_libToCoNet/libToCoNet/lib/libToCoNet_JN5164.a(AppQueueApi_ToCoNet.o)
 .text.vAppQApiPostMcps
                0x00084539       0x1e /cygdrive/c/TWESDK/Wks_ToCoNet/KeyController/../../Wks_libToCoNet/libToCoNet/lib/libToCoNet_JN5164.a(AppQueueApi_ToCoNet.o)
 .text.vAppQApiPostMlme
                0x00084557       0x22 /cygdrive/c/TWESDK/Wks_ToCoNet/KeyController/../../Wks_libToCoNet/libToCoNet/lib/libToCoNet_JN5164.a(AppQueueApi_ToCoNet.o)
 .text.vAppQApiReturnHwIndBufferT
                0x00084579        0xe /cygdrive/c/TWESDK/Wks_ToCoNet/KeyController/../../Wks_libToCoNet/libToCoNet/lib/libToCoNet_JN5164.a(AppQueueApi_ToCoNet.o)
                0x00084579                _vAppQApiReturnHwIndBufferT
 .text.vAppQApiReturnMcpsIndBufferT
                0x00084587        0xe /cygdrive/c/TWESDK/Wks_ToCoNet/KeyController/../../Wks_libToCoNet/libToCoNet/lib/libToCoNet_JN5164.a(AppQueueApi_ToCoNet.o)
                0x00084587                _vAppQApiReturnMcpsIndBufferT
 .text.vAppQApiReturnMlmeIndBufferT
                0x00084595        0xe /cygdrive/c/TWESDK/Wks_ToCoNet/KeyController/../../Wks_libToCoNet/libToCoNet/lib/libToCoNet_JN5164.a(AppQueueApi_ToCoNet.o)
                0x00084595                _vAppQApiReturnMlmeIndBufferT
 .text.u32AppQApiInitT
                0x000845a3      0x18f /cygdrive/c/TWESDK/Wks_ToCoNet/KeyController/../../Wks_libToCoNet/libToCoNet/lib/libToCoNet_JN5164.a(AppQueueApi_ToCoNet.o)
                0x000845a3                _u32AppQApiInitT
 .text.vAppQApiPostHwIntT
                0x00084732       0x6e /cygdrive/c/TWESDK/Wks_ToCoNet/KeyController/../../Wks_libToCoNet/libToCoNet/lib/libToCoNet_JN5164.a(AppQueueApi_ToCoNet.o)
 .text.u32AppQApiInitNetwork
                0x000847a0       0x22 /cygdrive/c/TWESDK/Wks_ToCoNet/KeyController/../../Wks_libToCoNet/libToCoNet/lib/libToCoNet_JN5164.a(AppQueueApi_ToCoNet.o)
                0x000847a0                _u32AppQApiInitNetwork
 .text._ToCoNet_bRfChChannel
                0x000847c2       0xaa /cygdrive/c/TWESDK/Wks_ToCoNet/KeyController/../../Wks_libToCoNet/libToCoNet/lib/libToCoNetExt_JN5164.a(AppStart.o)
                0x000847c2                __ToCoNet_bRfChChannel
 .text.AppWarmStart
                0x0008486c       0x9d /cygdrive/c/TWESDK/Wks_ToCoNet/KeyController/../../Wks_libToCoNet/libToCoNet/lib/libToCoNetExt_JN5164.a(AppStart.o)
                0x0008486c                _AppWarmStart
 .text._ToCoNet_vMacInit
                0x00084909       0x2c /cygdrive/c/TWESDK/Wks_ToCoNet/KeyController/../../Wks_libToCoNet/libToCoNet/lib/libToCoNetExt_JN5164.a(AppStart.o)
                0x00084909                __ToCoNet_vMacInit
 .text._ToCoNet_vRfConfig
                0x00084935       0xe3 /cygdrive/c/TWESDK/Wks_ToCoNet/KeyController/../../Wks_libToCoNet/libToCoNet/lib/libToCoNetExt_JN5164.a(AppStart.o)
                0x00084935                __ToCoNet_vRfConfig
 .text.AppColdStart
                0x00084a18      0x4d7 /cygdrive/c/TWESDK/Wks_ToCoNet/KeyController/../../Wks_libToCoNet/libToCoNet/lib/libToCoNetExt_JN5164.a(AppStart.o)
                0x00084a18                _AppColdStart
 .text.ToCoNet_u32GetSerialOnBoot
                0x00084eef       0x37 /cygdrive/c/TWESDK/Wks_ToCoNet/KeyController/../../Wks_libToCoNet/libToCoNet/lib/libToCoNetExt_JN5164.a(getMacAddr.o)
                0x00084eef                _ToCoNet_u32GetSerialOnBoot
 .text.Mac_bRxQueueReg
                0x00084f26       0x34 /cygdrive/c/TWESDK/Wks_ToCoNet/KeyController/../../Wks_libToCoNet/libToCoNet/lib/libToCoNetExt_JN5164.a(mac.o)
                0x00084f26                _Mac_bRxQueueReg
 .text.Mac_vSetHighDataRate
                0x00084f5a        0x3 /cygdrive/c/TWESDK/Wks_ToCoNet/KeyController/../../Wks_libToCoNet/libToCoNet/lib/libToCoNetExt_JN5164.a(mac.o)
                0x00084f5a                _Mac_vSetHighDataRate
 .text.Mac_vSetCCA
                0x00084f5d       0x32 /cygdrive/c/TWESDK/Wks_ToCoNet/KeyController/../../Wks_libToCoNet/libToCoNet/lib/libToCoNetExt_JN5164.a(mac.o)
                0x00084f5d                _Mac_vSetCCA
 .text.Mac_vSetRetry
                0x00084f8f       0x1e /cygdrive/c/TWESDK/Wks_ToCoNet/KeyController/../../Wks_libToCoNet/libToCoNet/lib/libToCoNetExt_JN5164.a(mac.o)
                0x00084f8f                _Mac_vSetRetry
 .text.Mac_vReset
                0x00084fad       0x20 /cygdrive/c/TWESDK/Wks_ToCoNet/KeyController/../../Wks_libToCoNet/libToCoNet/lib/libToCoNetExt_JN5164.a(mac.o)
                0x00084fad                _Mac_vReset
 .text.bDecodeAES
                0x00084fcd       0xc6 /cygdrive/c/TWESDK/Wks_ToCoNet/KeyController/../../Wks_libToCoNet/libToCoNet/lib/libToCoNetExt_JN5164.a(mac.o)
                0x00084fcd                _bDecodeAES
 .text.bEncodeAES
                0x00085093       0xbb /cygdrive/c/TWESDK/Wks_ToCoNet/KeyController/../../Wks_libToCoNet/libToCoNet/lib/libToCoNetExt_JN5164.a(mac.o)
                0x00085093                _bEncodeAES
 .text.Mac_vHandleMcpsDataInd
                0x0008514e      0x2a0 /cygdrive/c/TWESDK/Wks_ToCoNet/KeyController/../../Wks_libToCoNet/libToCoNet/lib/libToCoNetExt_JN5164.a(mac.o)
                0x0008514e                _Mac_vHandleMcpsDataInd
 .text.Mac_vInit
                0x000853ee       0x41 /cygdrive/c/TWESDK/Wks_ToCoNet/KeyController/../../Wks_libToCoNet/libToCoNet/lib/libToCoNetExt_JN5164.a(mac.o)
                0x000853ee                _Mac_vInit
 .text.Mac_bTransmit
                0x0008542f      0x1ee /cygdrive/c/TWESDK/Wks_ToCoNet/KeyController/../../Wks_libToCoNet/libToCoNet/lib/libToCoNetExt_JN5164.a(mac.o)
                0x0008542f                _Mac_bTransmit
 .text.bAES_CCM_Encode
                0x0008561d       0x1e /cygdrive/c/TWESDK/Wks_ToCoNet/KeyController/../../Wks_libToCoNet/libToCoNet/lib/libToCoNetExt_JN5164.a(AES_CCM.o)
                0x0008561d                _bAES_CCM_Encode
 .text.bAES_CCM_Decode
                0x0008563b       0x1e /cygdrive/c/TWESDK/Wks_ToCoNet/KeyController/../../Wks_libToCoNet/libToCoNet/lib/libToCoNetExt_JN5164.a(AES_CCM.o)
                0x0008563b                _bAES_CCM_Decode
 .text.bAES_CCM_KeyReg
                0x00085659       0x4a /cygdrive/c/TWESDK/Wks_ToCoNet/KeyController/../../Wks_libToCoNet/libToCoNet/lib/libToCoNetExt_JN5164.a(AES_CCM.o)
                0x00085659                _bAES_CCM_KeyReg
 .text.bAES_CCM_DecodeKey
                0x000856a3       0x6b /cygdrive/c/TWESDK/Wks_ToCoNet/KeyController/../../Wks_libToCoNet/libToCoNet/lib/libToCoNetExt_JN5164.a(AES_CCM.o)
                0x000856a3                _bAES_CCM_DecodeKey
 .text.bAES_CCM_EncodeKey
                0x0008570e       0x5c /cygdrive/c/TWESDK/Wks_ToCoNet/KeyController/../../Wks_libToCoNet/libToCoNet/lib/libToCoNetExt_JN5164.a(AES_CCM.o)
                0x0008570e                _bAES_CCM_EncodeKey
 .text.EEP_6x_bRead
                0x0008576a       0x48 /cygdrive/c/TWESDK/Wks_ToCoNet/KeyController/../../Wks_libToCoNet/libToCoNet/lib/libToCoNetExt_JN5164.a(eeprom_6x.o)
                0x0008576a                _EEP_6x_bRead
 .text.EEP_6x_bWrite
                0x000857b2       0x7b /cygdrive/c/TWESDK/Wks_ToCoNet/KeyController/../../Wks_libToCoNet/libToCoNet/lib/libToCoNetExt_JN5164.a(eeprom_6x.o)
                0x000857b2                _EEP_6x_bWrite
 .text.vInstallNoAckHandler
                0x0008582d       0x2a /cygdrive/c/TWESDK/Wks_ToCoNet/KeyController/../../Wks_libToCoNet/libToCoNet/lib/libToCoNetExt_JN5164.a(no_ack_handler.o)
                0x0008582d                _vInstallNoAckHandler
 .text.vHandlerPatch
                0x00085857       0x38 /cygdrive/c/TWESDK/Wks_ToCoNet/KeyController/../../Wks_libToCoNet/libToCoNet/lib/libToCoNetExt_JN5164.a(no_ack_handler.o)
 .text.bAHI_ReadIndexSectorPage
                0x0008588f       0x4a /cygdrive/c/TWESDK/Wks_ToCoNet/KeyController/../../Wks_libToCoNet/libToCoNet/lib/libToCoNetExt_JN5164.a(AHI_FlashIndexSector.o)
                0x0008588f                _bAHI_ReadIndexSectorPage
 .text.bAHI_ReadUserData
                0x000858d9       0x2a /cygdrive/c/TWESDK/Wks_ToCoNet/KeyController/../../Wks_libToCoNet/libToCoNet/lib/libToCoNetExt_JN5164.a(AHI_FlashIndexSector.o)
                0x000858d9                _bAHI_ReadUserData
 .text.bAHI_ReadIndexSectorBit
                0x00085903       0x39 /cygdrive/c/TWESDK/Wks_ToCoNet/KeyController/../../Wks_libToCoNet/libToCoNet/lib/libToCoNetExt_JN5164.a(AHI_FlashIndexSector.o)
                0x00085903                _bAHI_ReadIndexSectorBit
 .text.u32AHI_ReadIndexSectorBits
                0x0008593c       0x37 /cygdrive/c/TWESDK/Wks_ToCoNet/KeyController/../../Wks_libToCoNet/libToCoNet/lib/libToCoNetExt_JN5164.a(AHI_FlashIndexSector.o)
                0x0008593c                _u32AHI_ReadIndexSectorBits
 .text.bAHI_ReadCustomerSettings
                0x00085973       0x9b /cygdrive/c/TWESDK/Wks_ToCoNet/KeyController/../../Wks_libToCoNet/libToCoNet/lib/libToCoNetExt_JN5164.a(AHI_FlashIndexSector.o)
                0x00085973                _bAHI_ReadCustomerSettings
 .text.bAHI_ReadMACID
                0x00085a0e       0x46 /cygdrive/c/TWESDK/Wks_ToCoNet/KeyController/../../Wks_libToCoNet/libToCoNet/lib/libToCoNetExt_JN5164.a(AHI_FlashIndexSector.o)
                0x00085a0e                _bAHI_ReadMACID
 .text.bPDM_InitialiseEEPROM
                0x00085a54       0x4d /cygdrive/c/TWESDK/Wks_ToCoNet/KeyController/../../Wks_libToCoNet/libToCoNet/lib/libToCoNetExt_JN5164.a(PDM_EEPROM.o)
                0x00085a54                _bPDM_InitialiseEEPROM
 .text.vPDM_WriteEEPROMfixSegmentData
                0x00085aa1       0x3e /cygdrive/c/TWESDK/Wks_ToCoNet/KeyController/../../Wks_libToCoNet/libToCoNet/lib/libToCoNetExt_JN5164.a(PDM_EEPROM.o)
                0x00085aa1                _vPDM_WriteEEPROMfixSegmentData
 .text.SERIAL_bTxQueueEmpty
                0x00085adf       0x18 /cygdrive/c/TWESDK/Wks_ToCoNet/KeyController/../../Wks_libToCoNet/libToCoNet/lib/libToCoNetUtils_JN5164.a(serial.o)
                0x00085adf                _SERIAL_bTxQueueEmpty
 .text.SERIAL_bRxQueueEmpty
                0x00085af7       0x18 /cygdrive/c/TWESDK/Wks_ToCoNet/KeyController/../../Wks_libToCoNet/libToCoNet/lib/libToCoNetUtils_JN5164.a(serial.o)
                0x00085af7                _SERIAL_bRxQueueEmpty
 .text.SERIAL_vTxReady
                0x00085b0f       0x36 /cygdrive/c/TWESDK/Wks_ToCoNet/KeyController/../../Wks_libToCoNet/libToCoNet/lib/libToCoNetUtils_JN5164.a(serial.o)
                0x00085b0f                _SERIAL_vTxReady
 .text.SERIAL_vFlush
                0x00085b45       0x39 /cygdrive/c/TWESDK/Wks_ToCoNet/KeyController/../../Wks_libToCoNet/libToCoNet/lib/libToCoNetUtils_JN5164.a(serial.o)
                0x00085b45                _SERIAL_vFlush
 .text.SERIAL_i16RxChar
                0x00085b7e       0x4c /cygdrive/c/TWESDK/Wks_ToCoNet/KeyController/../../Wks_libToCoNet/libToCoNet/lib/libToCoNetUtils_JN5164.a(serial.o)
                0x00085b7e                _SERIAL_i16RxChar
 .text.SERIAL_bTxChar
                0x00085bca       0x73 /cygdrive/c/TWESDK/Wks_ToCoNet/KeyController/../../Wks_libToCoNet/libToCoNet/lib/libToCoNetUtils_JN5164.a(serial.o)
                0x00085bca                _SERIAL_bTxChar
 .text.SERIAL_vInitEx
                0x00085c3d       0x90 /cygdrive/c/TWESDK/Wks_ToCoNet/KeyController/../../Wks_libToCoNet/libToCoNet/lib/libToCoNetUtils_JN5164.a(serial.o)
                0x00085c3d                _SERIAL_vInitEx
 .text.vRxChar  0x00085ccd       0x3e /cygdrive/c/TWESDK/Wks_ToCoNet/KeyController/../../Wks_libToCoNet/libToCoNet/lib/libToCoNetUtils_JN5164.a(serial.o)
 .text.UART_vSetTxInterrupt
                0x00085d0b       0x1a /cygdrive/c/TWESDK/Wks_ToCoNet/KeyController/../../Wks_libToCoNet/libToCoNet/lib/libToCoNetUtils_JN5164.a(uart.o)
                0x00085d0b                _UART_vSetTxInterrupt
 .text.UART_bTxReady
                0x00085d25        0xf /cygdrive/c/TWESDK/Wks_ToCoNet/KeyController/../../Wks_libToCoNet/libToCoNet/lib/libToCoNetUtils_JN5164.a(uart.o)
                0x00085d25                _UART_bTxReady
 .text.UART_vTxChar
                0x00085d34        0x6 /cygdrive/c/TWESDK/Wks_ToCoNet/KeyController/../../Wks_libToCoNet/libToCoNet/lib/libToCoNetUtils_JN5164.a(uart.o)
                0x00085d34                _UART_vTxChar
 .text.UART_vRtsStartFlow
                0x00085d3a       0x22 /cygdrive/c/TWESDK/Wks_ToCoNet/KeyController/../../Wks_libToCoNet/libToCoNet/lib/libToCoNetUtils_JN5164.a(uart.o)
                0x00085d3a                _UART_vRtsStartFlow
 .text.UART_vRtsStopFlow
                0x00085d5c       0x22 /cygdrive/c/TWESDK/Wks_ToCoNet/KeyController/../../Wks_libToCoNet/libToCoNet/lib/libToCoNetUtils_JN5164.a(uart.o)
                0x00085d5c                _UART_vRtsStopFlow
 .text.UART_vInit
                0x00085d7e      0x1c3 /cygdrive/c/TWESDK/Wks_ToCoNet/KeyController/../../Wks_libToCoNet/libToCoNet/lib/libToCoNetUtils_JN5164.a(uart.o)
                0x00085d7e                _UART_vInit
 .text.UART_vHandleUartInterrupt
                0x00085f41       0x8e /cygdrive/c/TWESDK/Wks_ToCoNet/KeyController/../../Wks_libToCoNet/libToCoNet/lib/libToCoNetUtils_JN5164.a(uart.o)
 .text.QUEUE__vInit
                0x00085fcf       0x12 /cygdrive/c/TWESDK/Wks_ToCoNet/KeyController/../../Wks_libToCoNet/libToCoNet/lib/libToCoNetUtils_JN5164.a(ByteQueue.o)
                0x00085fcf                _QUEUE__vInit
 .text.QUEUE__bEmpty
                0x00085fe1        0xe /cygdrive/c/TWESDK/Wks_ToCoNet/KeyController/../../Wks_libToCoNet/libToCoNet/lib/libToCoNetUtils_JN5164.a(ByteQueue.o)
                0x00085fe1                _QUEUE__bEmpty
 .text.QUEUE__bFull
                0x00085fef       0x11 /cygdrive/c/TWESDK/Wks_ToCoNet/KeyController/../../Wks_libToCoNet/libToCoNet/lib/libToCoNetUtils_JN5164.a(ByteQueue.o)
                0x00085fef                _QUEUE__bFull
 .text.QUEUE__u16Count
                0x00086000        0x6 /cygdrive/c/TWESDK/Wks_ToCoNet/KeyController/../../Wks_libToCoNet/libToCoNet/lib/libToCoNetUtils_JN5164.a(ByteQueue.o)
                0x00086000                _QUEUE__u16Count
 .text.QUEUE__vFlush
                0x00086006       0x26 /cygdrive/c/TWESDK/Wks_ToCoNet/KeyController/../../Wks_libToCoNet/libToCoNet/lib/libToCoNetUtils_JN5164.a(ByteQueue.o)
                0x00086006                _QUEUE__vFlush
 .text.QUEUE__u8RemoveItem
                0x0008602c       0x66 /cygdrive/c/TWESDK/Wks_ToCoNet/KeyController/../../Wks_libToCoNet/libToCoNet/lib/libToCoNetUtils_JN5164.a(ByteQueue.o)
                0x0008602c                _QUEUE__u8RemoveItem
 .text.QUEUE__vAddItem
                0x00086092       0x66 /cygdrive/c/TWESDK/Wks_ToCoNet/KeyController/../../Wks_libToCoNet/libToCoNet/lib/libToCoNetUtils_JN5164.a(ByteQueue.o)
                0x00086092                _QUEUE__vAddItem
 .text.u8CCITT8
                0x000860f8       0x23 /cygdrive/c/TWESDK/Wks_ToCoNet/KeyController/../../Wks_libToCoNet/libToCoNet/lib/libToCoNetUtils_JN5164.a(ccitt8.o)
                0x000860f8                _u8CCITT8
 .text.vPrintString
                0x0008611b       0x7d /cygdrive/c/TWESDK/Wks_ToCoNet/KeyController/../../Wks_libToCoNet/libToCoNet/lib/libToCoNetUtils_JN5164.a(fprintf.o)
 .text.vPrintInteger
                0x00086198       0xac /cygdrive/c/TWESDK/Wks_ToCoNet/KeyController/../../Wks_libToCoNet/libToCoNet/lib/libToCoNetUtils_JN5164.a(fprintf.o)
 .text.vfPrintf
                0x00086244      0x1d4 /cygdrive/c/TWESDK/Wks_ToCoNet/KeyController/../../Wks_libToCoNet/libToCoNet/lib/libToCoNetUtils_JN5164.a(fprintf.o)
                0x00086244                _vfPrintf
 .text.SPRINTF_bPutChar
                0x00086418       0x3b /cygdrive/c/TWESDK/Wks_ToCoNet/KeyController/../../Wks_libToCoNet/libToCoNet/lib/libToCoNetUtils_JN5164.a(sprintf.o)
 .text.SPRINTF_vInit128
                0x00086453       0x30 /cygdrive/c/TWESDK/Wks_ToCoNet/KeyController/../../Wks_libToCoNet/libToCoNet/lib/libToCoNetUtils_JN5164.a(sprintf.o)
                0x00086453                _SPRINTF_vInit128
 .text.vWait    0x00086483       0x19 /cygdrive/c/TWESDK/Wks_ToCoNet/KeyController/../../Wks_libToCoNet/libToCoNet/lib/libToCoNetUtils_JN5164.a(utils.o)
                0x00086483                _vWait
 .text.vTimerStart
                0x0008649c       0xa7 /cygdrive/c/TWESDK/Wks_ToCoNet/KeyController/../../Wks_libToCoNet/libToCoNet/lib/libToCoNetUtils_JN5164.a(utils.o)
                0x0008649c                _vTimerStart
 *fill*         0x00086543        0x1 00
 .text.vTimerConfig
                0x00086544      0x190 /cygdrive/c/TWESDK/Wks_ToCoNet/KeyController/../../Wks_libToCoNet/libToCoNet/lib/libToCoNetUtils_JN5164.a(utils.o)
                0x00086544                _vTimerConfig
 .text.pvAppApiDefGetMacHandle
                0x000866d4        0x9 /cygdrive/c/TWESDK/516x/Components/Library/libAppApi_JN516x.a(AppApi.o)
                0x000866d4                _pvAppApiDefGetMacHandle
 .text.vAppApiDefSetPrbsSeed
                0x000866dd       0x24 /cygdrive/c/TWESDK/516x/Components/Library/libAppApi_JN516x.a(AppApi.o)
                0x000866dd                _vAppApiDefSetPrbsSeed
 .text.pvAppApiDefGetMacAddrLocation
                0x00086701        0x9 /cygdrive/c/TWESDK/516x/Components/Library/libAppApi_JN516x.a(AppApi.o)
                0x00086701                _pvAppApiDefGetMacAddrLocation
 .text.vAppApiDefSetInterrupts
                0x0008670a       0x3d /cygdrive/c/TWESDK/516x/Components/Library/libAppApi_JN516x.a(AppApi.o)
                0x0008670a                _vAppApiDefSetInterrupts
 .text.vAppApiDefPowerUp
                0x00086747       0x26 /cygdrive/c/TWESDK/516x/Components/Library/libAppApi_JN516x.a(AppApi.o)
                0x00086747                _vAppApiDefPowerUp
 .text.vAppApiDefStartStack
                0x0008676d       0x51 /cygdrive/c/TWESDK/516x/Components/Library/libAppApi_JN516x.a(AppApi.o)
                0x0008676d                _vAppApiDefStartStack
 .text.u32AppApiDefInit
                0x000867be       0x5a /cygdrive/c/TWESDK/516x/Components/Library/libAppApi_JN516x.a(AppApi.o)
                0x000867be                _u32AppApiDefInit
 .text.eAppApiDefPlmeGet
                0x00086818       0x33 /cygdrive/c/TWESDK/516x/Components/Library/libAppApi_JN516x.a(AppApi.o)
                0x00086818                _eAppApiDefPlmeGet
 .text.vAppApiDefMcpsRequest
                0x0008684b       0x32 /cygdrive/c/TWESDK/516x/Components/Library/libAppApi_JN516x.a(AppApi.o)
                0x0008684b                _vAppApiDefMcpsRequest
 .text.vAppApiDefMlmeRequest
                0x0008687d       0x32 /cygdrive/c/TWESDK/516x/Components/Library/libAppApi_JN516x.a(AppApi.o)
                0x0008687d                _vAppApiDefMlmeRequest
 .text.eAppApiDefPlmeSet
                0x000868af       0x33 /cygdrive/c/TWESDK/516x/Components/Library/libAppApi_JN516x.a(AppApi.o)
                0x000868af                _eAppApiDefPlmeSet
 .text.vAppApiDefSaveMacSettings
                0x000868e2       0x5d /cygdrive/c/TWESDK/516x/Components/Library/libAppApi_JN516x.a(AppApiSleep.o)
                0x000868e2                _vAppApiDefSaveMacSettings
 .text.vMAC_RestoreSettings
                0x0008693f       0xc8 /cygdrive/c/TWESDK/516x/Components/Library/libAppApi_JN516x.a(AppApiSleep.o)
                0x0008693f                _vMAC_RestoreSettings
 .text.vAppApiDefRestoreMacSettings
                0x00086a07       0x25 /cygdrive/c/TWESDK/516x/Components/Library/libAppApi_JN516x.a(AppApiSleep.o)
                0x00086a07                _vAppApiDefRestoreMacSettings
 .text.vSetTimer0
                0x00086a2c        0xf /cygdrive/c/TWESDK/516x/Components/Library/libMac_JN516x.a(mac_main.o)
                0x00086a2c                _vSetTimer0
 .text.u32GetTimer0
                0x00086a3b        0x7 /cygdrive/c/TWESDK/516x/Components/Library/libMac_JN516x.a(mac_main.o)
                0x00086a3b                _u32GetTimer0
 .text.MAC_vXcvPhyEvtHandler
                0x00086a42       0x10 /cygdrive/c/TWESDK/516x/Components/Library/libMac_JN516x.a(mac_main.o)
                0x00086a42                _MAC_vXcvPhyEvtHandler
 .text.MAC_vXcvBbcEvtHandler
                0x00086a52       0x20 /cygdrive/c/TWESDK/516x/Components/Library/libMac_JN516x.a(mac_main.o)
                0x00086a52                _MAC_vXcvBbcEvtHandler
 .text.mac_vInitTimer0
                0x00086a72       0x20 /cygdrive/c/TWESDK/516x/Components/Library/libMac_JN516x.a(mac_main.o)
                0x00086a72                _mac_vInitTimer0
 .text.MAC_pvCtor
                0x00086a92       0x82 /cygdrive/c/TWESDK/516x/Components/Library/libMac_JN516x.a(mac_main.o)
                0x00086a92                _MAC_pvCtor
 .text.MAC_vHandleMcpsReqRsp
                0x00086b14       0x2d /cygdrive/c/TWESDK/516x/Components/Library/libMac_JN516x.a(mac_mcps.o)
                0x00086b14                _MAC_vHandleMcpsReqRsp
 .text.vHandleTofRequest
                0x00086b41       0x12 /cygdrive/c/TWESDK/516x/Components/Library/libMac_JN516x.a(mac_mlme.o)
 *fill*         0x00086b53        0x1 00
 .text.MAC_vHandleMlmeReqRsp
                0x00086b54       0xb4 /cygdrive/c/TWESDK/516x/Components/Library/libMac_JN516x.a(mac_mlme.o)
                0x00086b54                _MAC_vHandleMlmeReqRsp
 .text.MAC_psPibGetHandle
                0x00086c08        0x7 /cygdrive/c/TWESDK/516x/Components/Library/libMac_JN516x.a(mac_pib.o)
                0x00086c08                _MAC_psPibGetHandle
 .text.MAC_vPibSetShortAddr
                0x00086c0f        0xe /cygdrive/c/TWESDK/516x/Components/Library/libMac_JN516x.a(mac_pib.o)
                0x00086c0f                _MAC_vPibSetShortAddr
 .text.MAC_vPibSetPanId
                0x00086c1d       0x1b /cygdrive/c/TWESDK/516x/Components/Library/libMac_JN516x.a(mac_pib.o)
                0x00086c1d                _MAC_vPibSetPanId
 .text.MAC_vPibSetMinBe
                0x00086c38       0x1e /cygdrive/c/TWESDK/516x/Components/Library/libMac_JN516x.a(mac_pib.o)
                0x00086c38                _MAC_vPibSetMinBe
 .text.MAC_vPibSetMaxCsmaBackoffs
                0x00086c56       0x21 /cygdrive/c/TWESDK/516x/Components/Library/libMac_JN516x.a(mac_pib.o)
                0x00086c56                _MAC_vPibSetMaxCsmaBackoffs
 .text.MAC_vSetExtAddr
                0x00086c77       0x1f /cygdrive/c/TWESDK/516x/Components/Library/libMac_JN516x.a(mac_pib.o)
                0x00086c77                _MAC_vSetExtAddr
 .text.MAC_vPibSetRxOnWhenIdle
                0x00086c96       0x13 /cygdrive/c/TWESDK/516x/Components/Library/libMac_JN516x.a(mac_pib.o)
                0x00086c96                _MAC_vPibSetRxOnWhenIdle
 .text.MAC_vPibSetPromiscuousMode
                0x00086ca9       0x40 /cygdrive/c/TWESDK/516x/Components/Library/libMac_JN516x.a(mac_pib.o)
                0x00086ca9                _MAC_vPibSetPromiscuousMode
 .text.mac_vPibCmpCoordExtAddr
                0x00086ce9       0x29 /cygdrive/c/TWESDK/516x/Components/Library/libMac_JN516x.a(mac_pib_mlme.o)
                0x00086ce9                _mac_vPibCmpCoordExtAddr
 .text.mac_vPibReset
                0x00086d12       0x87 /cygdrive/c/TWESDK/516x/Components/Library/libMac_JN516x.a(mac_pib_mlme.o)
                0x00086d12                _mac_vPibReset
 .text.mac_vPibSetDefaults
                0x00086d99      0x12e /cygdrive/c/TWESDK/516x/Components/Library/libMac_JN516x.a(mac_pib_mlme.o)
                0x00086d99                _mac_vPibSetDefaults
 .text.vPMICreset
                0x00086ec7        0xd /cygdrive/c/TWESDK/516x/Components/Library/libMac_JN516x.a(mac_pmic.o)
                0x00086ec7                _vPMICreset
 .text.vPMICpostFailedAssocDcfm
                0x00086ed4       0x3d /cygdrive/c/TWESDK/516x/Components/Library/libMac_JN516x.a(mac_pmic.o)
                0x00086ed4                _vPMICpostFailedAssocDcfm
 .text.vPMICassocReqTO_2
                0x00086f11       0x1d /cygdrive/c/TWESDK/516x/Components/Library/libMac_JN516x.a(mac_pmic.o)
 .text.vPMICassocReqFrameReceived
                0x00086f2e       0x79 /cygdrive/c/TWESDK/516x/Components/Library/libMac_JN516x.a(mac_pmic.o)
                0x00086f2e                _vPMICassocReqFrameReceived
 .text.vPMICdisassocReceived
                0x00086fa7       0x93 /cygdrive/c/TWESDK/516x/Components/Library/libMac_JN516x.a(mac_pmic.o)
                0x00086fa7                _vPMICdisassocReceived
 .text.vPMICassocRespFrameReceived
                0x0008703a       0x93 /cygdrive/c/TWESDK/516x/Components/Library/libMac_JN516x.a(mac_pmic.o)
                0x0008703a                _vPMICassocRespFrameReceived
 .text.vPMICassocReqTO_1
                0x000870cd       0x8c /cygdrive/c/TWESDK/516x/Components/Library/libMac_JN516x.a(mac_pmic.o)
 .text.vPMICdisassociateRequest
                0x00087159       0xf4 /cygdrive/c/TWESDK/516x/Components/Library/libMac_JN516x.a(mac_pmic.o)
                0x00087159                _vPMICdisassociateRequest
 .text.bPMICdisassocReqSent
                0x0008724d       0x83 /cygdrive/c/TWESDK/516x/Components/Library/libMac_JN516x.a(mac_pmic.o)
 .text.vPMICassociateResponse
                0x000872d0       0xd9 /cygdrive/c/TWESDK/516x/Components/Library/libMac_JN516x.a(mac_pmic.o)
                0x000872d0                _vPMICassociateResponse
 .text.bAssocRespSent
                0x000873a9       0x1d /cygdrive/c/TWESDK/516x/Components/Library/libMac_JN516x.a(mac_pmic.o)
 .text.vPMICassociateRequest
                0x000873c6       0xe6 /cygdrive/c/TWESDK/516x/Components/Library/libMac_JN516x.a(mac_pmic.o)
                0x000873c6                _vPMICassociateRequest
 .text.bPMICassocReqPollSent
                0x000874ac       0x5b /cygdrive/c/TWESDK/516x/Components/Library/libMac_JN516x.a(mac_pmic.o)
 .text.bPMICassocReqSent
                0x00087507       0x8d /cygdrive/c/TWESDK/516x/Components/Library/libMac_JN516x.a(mac_pmic.o)
 .text.MAC_vRegisterMlmeDcfmIndCallbacks
                0x00087594        0xc /cygdrive/c/TWESDK/516x/Components/Library/libMac_JN516x.a(mac_ind.o)
                0x00087594                _MAC_vRegisterMlmeDcfmIndCallbacks
 .text.MAC_vRegisterMcpsDcfmIndCallbacks
                0x000875a0        0xc /cygdrive/c/TWESDK/516x/Components/Library/libMac_JN516x.a(mac_ind.o)
                0x000875a0                _MAC_vRegisterMcpsDcfmIndCallbacks
 .text.mac_psDcfmIndGetBuf
                0x000875ac       0x23 /cygdrive/c/TWESDK/516x/Components/Library/libMac_JN516x.a(mac_ind.o)
                0x000875ac                _mac_psDcfmIndGetBuf
 .text.mac_eDcfmIndPost
                0x000875cf       0x21 /cygdrive/c/TWESDK/516x/Components/Library/libMac_JN516x.a(mac_ind.o)
                0x000875cf                _mac_eDcfmIndPost
 .text.eScanHandleEvt
                0x000875f0       0x2e /cygdrive/c/TWESDK/516x/Components/Library/libMac_JN516x.a(mac_scan.o)
                0x000875f0                _eScanHandleEvt
 .text.vScanHandleTimer
                0x0008761e        0x8 /cygdrive/c/TWESDK/516x/Components/Library/libMac_JN516x.a(mac_scan.o)
 .text.eGenlIllegal
                0x00087626        0x7 /cygdrive/c/TWESDK/516x/Components/Library/libMac_JN516x.a(mac_scan.o)
 .text.eGenlDontCare
                0x0008762d        0x5 /cygdrive/c/TWESDK/516x/Components/Library/libMac_JN516x.a(mac_scan.o)
 .text.eWEnDEdDone
                0x00087632       0x64 /cygdrive/c/TWESDK/516x/Components/Library/libMac_JN516x.a(mac_scan.o)
 .text.eWEnDTmrExpiry
                0x00087696        0xb /cygdrive/c/TWESDK/516x/Components/Library/libMac_JN516x.a(mac_scan.o)
 .text.mac_eScanHandleXcvBbcEvt
                0x000876a1        0xf /cygdrive/c/TWESDK/516x/Components/Library/libMac_JN516x.a(mac_scan.o)
                0x000876a1                _mac_eScanHandleXcvBbcEvt
 .text.mac_eScanHandleXcvPhyEvt
                0x000876b0       0x12 /cygdrive/c/TWESDK/516x/Components/Library/libMac_JN516x.a(mac_scan.o)
                0x000876b0                _mac_eScanHandleXcvPhyEvt
 .text.vSetNextChannel
                0x000876c2       0x4a /cygdrive/c/TWESDK/516x/Components/Library/libMac_JN516x.a(mac_scan.o)
 .text.mac_vScanHandleMlmeReq
                0x0008770c       0x98 /cygdrive/c/TWESDK/516x/Components/Library/libMac_JN516x.a(mac_scan.o)
                0x0008770c                _mac_vScanHandleMlmeReq
 .text.mac_eScanInit
                0x000877a4       0x19 /cygdrive/c/TWESDK/516x/Components/Library/libMac_JN516x.a(mac_scan.o)
                0x000877a4                _mac_eScanInit
 .text.vPostDcfm
                0x000877bd       0xe9 /cygdrive/c/TWESDK/516x/Components/Library/libMac_JN516x.a(mac_scan.o)
 .text.eWCoRRxDone
                0x000878a6       0xb7 /cygdrive/c/TWESDK/516x/Components/Library/libMac_JN516x.a(mac_scan.o)
 .text.eGenTmrExpiry
                0x0008795d       0x4b /cygdrive/c/TWESDK/516x/Components/Library/libMac_JN516x.a(mac_scan.o)
 .text.eWEDTEdDone
                0x000879a8       0x1a /cygdrive/c/TWESDK/516x/Components/Library/libMac_JN516x.a(mac_scan.o)
 .text.eGenRxHdrDone
                0x000879c2       0x13 /cygdrive/c/TWESDK/516x/Components/Library/libMac_JN516x.a(mac_scan.o)
 .text.eWONTTxDone
                0x000879d5       0x35 /cygdrive/c/TWESDK/516x/Components/Library/libMac_JN516x.a(mac_scan.o)
 .text.eWBRTTxDone
                0x00087a0a       0x21 /cygdrive/c/TWESDK/516x/Components/Library/libMac_JN516x.a(mac_scan.o)
 .text.eWBcnRxDone
                0x00087a2b      0x19e /cygdrive/c/TWESDK/516x/Components/Library/libMac_JN516x.a(mac_scan.o)
 .text.bSendMacCmd
                0x00087bc9       0x40 /cygdrive/c/TWESDK/516x/Components/Library/libMac_JN516x.a(mac_scan.o)
 .text.eWChCChanChgd
                0x00087c09      0x170 /cygdrive/c/TWESDK/516x/Components/Library/libMac_JN516x.a(mac_scan.o)
 .text.mac_vLPBAdjustBeaconOffset
                0x00087d79       0x5d /cygdrive/c/TWESDK/516x/Components/Library/libMac_JN516x.a(mac_lp.o)
                0x00087d79                _mac_vLPBAdjustBeaconOffset
 .text.mac_u32LPBGetBeaconTimeout
                0x00087dd6        0x9 /cygdrive/c/TWESDK/516x/Components/Library/libMac_JN516x.a(mac_lp.o)
                0x00087dd6                _mac_u32LPBGetBeaconTimeout
 .text.MAC_u32ConvertFrom16uS
                0x00087ddf       0x41 /cygdrive/c/TWESDK/516x/Components/Library/libMac_JN516x.a(mac_lp.o)
                0x00087ddf                _MAC_u32ConvertFrom16uS
 .text.mac_vLPBSleep
                0x00087e20       0x55 /cygdrive/c/TWESDK/516x/Components/Library/libMac_JN516x.a(mac_lp.o)
                0x00087e20                _mac_vLPBSleep
 .text.mac_vLPBStopTimer
                0x00087e75        0xe /cygdrive/c/TWESDK/516x/Components/Library/libMac_JN516x.a(mac_lp.o)
                0x00087e75                _mac_vLPBStopTimer
 .text.mac_vLPBStartTimer
                0x00087e83       0x88 /cygdrive/c/TWESDK/516x/Components/Library/libMac_JN516x.a(mac_lp.o)
                0x00087e83                _mac_vLPBStartTimer
 .text.vMCPSframeReceived
                0x00087f0b       0x5a /cygdrive/c/TWESDK/516x/Components/Library/libMac_JN516x.a(MCPS.o)
                0x00087f0b                _vMCPSframeReceived
 .text.bSearchQueue
                0x00087f65       0x36 /cygdrive/c/TWESDK/516x/Components/Library/libMac_JN516x.a(MCPS.o)
 .text.vTAM_MCPSpurgeRequest
                0x00087f9b       0x64 /cygdrive/c/TWESDK/516x/Components/Library/libMac_JN516x.a(MCPS.o)
                0x00087f9b                _vTAM_MCPSpurgeRequest
 .text.bMCPSframeTXcomplete
                0x00087fff       0x5a /cygdrive/c/TWESDK/516x/Components/Library/libMac_JN516x.a(MCPS.o)
 .text.vTAM_MCPSdataRequest
                0x00088059       0x46 /cygdrive/c/TWESDK/516x/Components/Library/libMac_JN516x.a(MCPS.o)
                0x00088059                _vTAM_MCPSdataRequest
 .text.phy_ePibGet
                0x0008809f       0x34 /cygdrive/c/TWESDK/516x/Components/Library/libMac_JN516x.a(phy_pib.o)
                0x0008809f                _phy_ePibGet
 .text.u8GetPapValue
                0x000880d3       0x21 /cygdrive/c/TWESDK/516x/Components/Library/libMac_JN516x.a(phy_pib.o)
 .text.vPhySetChannel
                0x000880f4       0x77 /cygdrive/c/TWESDK/516x/Components/Library/libMac_JN516x.a(phy_pib.o)
                0x000880f4                _vPhySetChannel
 .text.phy_ePibSet
                0x0008816b       0x90 /cygdrive/c/TWESDK/516x/Components/Library/libMac_JN516x.a(phy_pib.o)
                0x0008816b                _phy_ePibSet
 .text.phy_vPibSetDefaults
                0x000881fb       0x2c /cygdrive/c/TWESDK/516x/Components/Library/libMac_JN516x.a(phy_pib.o)
                0x000881fb                _phy_vPibSetDefaults
 .text.bTAMinPAN
                0x00088227       0x19 /cygdrive/c/TWESDK/516x/Components/Library/libMac_JN516x.a(TAM.o)
                0x00088227                _bTAMinPAN
 .text.eTAMevent
                0x00088240       0x1a /cygdrive/c/TWESDK/516x/Components/Library/libMac_JN516x.a(TAM.o)
                0x00088240                _eTAMevent
 *fill*         0x0008825a        0x2 00
 .text.eTAMselect
                0x0008825c      0x154 /cygdrive/c/TWESDK/516x/Components/Library/libMac_JN516x.a(TAM.o)
                0x0008825c                _eTAMselect
 .text.vTAM_MLMEsyncRequest
                0x000883b0       0x17 /cygdrive/c/TWESDK/516x/Components/Library/libMac_JN516x.a(TAM.o)
                0x000883b0                _vTAM_MLMEsyncRequest
 .text.vTAM_MLMEstartRequest
                0x000883c7       0x87 /cygdrive/c/TWESDK/516x/Components/Library/libMac_JN516x.a(TAM.o)
                0x000883c7                _vTAM_MLMEstartRequest
 .text.vTAMreset
                0x0008844e      0x1f6 /cygdrive/c/TWESDK/516x/Components/Library/libMac_JN516x.a(TAM.o)
                0x0008844e                _vTAMreset
 .text.vTAMCOsetCoordinator
                0x00088644       0x29 /cygdrive/c/TWESDK/516x/Components/Library/libMac_JN516x.a(TAMCO.o)
                0x00088644                _vTAMCOsetCoordinator
 .text.vTAMCOupdatePendingList
                0x0008866d       0xbb /cygdrive/c/TWESDK/516x/Components/Library/libMac_JN516x.a(TAMCO.o)
                0x0008866d                _vTAMCOupdatePendingList
 .text.vTAMCOreqTXinCAP
                0x00088728       0x2f /cygdrive/c/TWESDK/516x/Components/Library/libMac_JN516x.a(TAMCO.o)
                0x00088728                _vTAMCOreqTXinCAP
 .text.vTrySendFromDirectNoBeacon
                0x00088757       0x38 /cygdrive/c/TWESDK/516x/Components/Library/libMac_JN516x.a(TAMCO.o)
 .text.vTAMCOreqTXnoBeacon
                0x0008878f       0x18 /cygdrive/c/TWESDK/516x/Components/Library/libMac_JN516x.a(TAMCO.o)
                0x0008878f                _vTAMCOreqTXnoBeacon
 .text.vTAMCOframeRXnobeacon
                0x000887a7       0x18 /cygdrive/c/TWESDK/516x/Components/Library/libMac_JN516x.a(TAMCO.o)
                0x000887a7                _vTAMCOframeRXnobeacon
 .text.vTAMCOframeTXnobeacon
                0x000887bf       0x1e /cygdrive/c/TWESDK/516x/Components/Library/libMac_JN516x.a(TAMCO.o)
                0x000887bf                _vTAMCOframeTXnobeacon
 .text.vTrySendFromDirectCAP
                0x000887dd       0x25 /cygdrive/c/TWESDK/516x/Components/Library/libMac_JN516x.a(TAMCO.o)
 .text.vTAMCOframeRXcap
                0x00088802       0x18 /cygdrive/c/TWESDK/516x/Components/Library/libMac_JN516x.a(TAMCO.o)
                0x00088802                _vTAMCOframeRXcap
 .text.vTAMCOframeRXgoingIdle
                0x0008881a       0x1c /cygdrive/c/TWESDK/516x/Components/Library/libMac_JN516x.a(TAMCO.o)
                0x0008881a                _vTAMCOframeRXgoingIdle
 .text.vTAMCOframeTXcap
                0x00088836       0x30 /cygdrive/c/TWESDK/516x/Components/Library/libMac_JN516x.a(TAMCO.o)
                0x00088836                _vTAMCOframeTXcap
 .text.vTAMCOframeTXgoingIdle
                0x00088866       0x1b /cygdrive/c/TWESDK/516x/Components/Library/libMac_JN516x.a(TAMCO.o)
                0x00088866                _vTAMCOframeTXgoingIdle
 .text.vTAMCOint2Fired
                0x00088881       0x22 /cygdrive/c/TWESDK/516x/Components/Library/libMac_JN516x.a(TAMCO.o)
                0x00088881                _vTAMCOint2Fired
 .text.vTAMCOframeTXbeacon
                0x000888a3       0xc9 /cygdrive/c/TWESDK/516x/Components/Library/libMac_JN516x.a(TAMCO.o)
                0x000888a3                _vTAMCOframeTXbeacon
 .text.vTAMCOint1Fired
                0x0008896c       0xef /cygdrive/c/TWESDK/516x/Components/Library/libMac_JN516x.a(TAMCO.o)
                0x0008896c                _vTAMCOint1Fired
 .text.vTAMCOint1FiredCAP
                0x00088a5b       0x7f /cygdrive/c/TWESDK/516x/Components/Library/libMac_JN516x.a(TAMCO.o)
                0x00088a5b                _vTAMCOint1FiredCAP
 .text.vTAMCOstartBeacon
                0x00088ada       0x41 /cygdrive/c/TWESDK/516x/Components/Library/libMac_JN516x.a(TAMCO.o)
                0x00088ada                _vTAMCOstartBeacon
 .text.vStartStoreValues
                0x00088b1b       0xbc /cygdrive/c/TWESDK/516x/Components/Library/libMac_JN516x.a(TAMCO.o)
 .text.bStartCallback
                0x00088bd7       0x2f /cygdrive/c/TWESDK/516x/Components/Library/libMac_JN516x.a(TAMCO.o)
 .text.vTAMCO_MLMEstartRequest
                0x00088c06      0x11e /cygdrive/c/TWESDK/516x/Components/Library/libMac_JN516x.a(TAMCO.o)
                0x00088c06                _vTAMCO_MLMEstartRequest
 .text.vTAMCOframeStarting
                0x00088d24       0x1e /cygdrive/c/TWESDK/516x/Components/Library/libMac_JN516x.a(TAMCO.o)
                0x00088d24                _vTAMCOframeStarting
 .text.vTAMDEdetermineNullState
                0x00088d42       0x1d /cygdrive/c/TWESDK/516x/Components/Library/libMac_JN516x.a(TAMDE.o)
                0x00088d42                _vTAMDEdetermineNullState
 .text.vSetPHYfromMacValue
                0x00088d5f       0x45 /cygdrive/c/TWESDK/516x/Components/Library/libMac_JN516x.a(TAMDE.o)
 .text.vTAMDEint1FiredWaitDR
                0x00088da4       0x20 /cygdrive/c/TWESDK/516x/Components/Library/libMac_JN516x.a(TAMDE.o)
                0x00088da4                _vTAMDEint1FiredWaitDR
 .text.vTAMDEstartSync
                0x00088dc4       0x86 /cygdrive/c/TWESDK/516x/Components/Library/libMac_JN516x.a(TAMDE.o)
                0x00088dc4                _vTAMDEstartSync
 .text.vTAMDE_MLMEsyncRequest
                0x00088e4a       0x30 /cygdrive/c/TWESDK/516x/Components/Library/libMac_JN516x.a(TAMDE.o)
                0x00088e4a                _vTAMDE_MLMEsyncRequest
 .text.vTrySendUnslotted
                0x00088e7a       0x23 /cygdrive/c/TWESDK/516x/Components/Library/libMac_JN516x.a(TAMDE.o)
 .text.vDeterminePowerState
                0x00088e9d       0x98 /cygdrive/c/TWESDK/516x/Components/Library/libMac_JN516x.a(TAMDE.o)
 .text.vTAMDEreqTXnullTrackingCAP
                0x00088f35       0x1c /cygdrive/c/TWESDK/516x/Components/Library/libMac_JN516x.a(TAMDE.o)
                0x00088f35                _vTAMDEreqTXnullTrackingCAP
 .text.vTAMDEint2FiredTrackingDR
                0x00088f51       0x2b /cygdrive/c/TWESDK/516x/Components/Library/libMac_JN516x.a(TAMDE.o)
                0x00088f51                _vTAMDEint2FiredTrackingDR
 .text.vTAMDEframeTXDEnull
                0x00088f7c       0x28 /cygdrive/c/TWESDK/516x/Components/Library/libMac_JN516x.a(TAMDE.o)
                0x00088f7c                _vTAMDEframeTXDEnull
 .text.vTAMDEframeTXtrackingCAPgts
                0x00088fa4       0x34 /cygdrive/c/TWESDK/516x/Components/Library/libMac_JN516x.a(TAMDE.o)
                0x00088fa4                _vTAMDEframeTXtrackingCAPgts
 .text.vTAMDEframeRX
                0x00088fd8       0x30 /cygdrive/c/TWESDK/516x/Components/Library/libMac_JN516x.a(TAMDE.o)
                0x00088fd8                _vTAMDEframeRX
 .text.vTAMDEframePreSyncReq
                0x00089008       0x21 /cygdrive/c/TWESDK/516x/Components/Library/libMac_JN516x.a(TAMDE.o)
                0x00089008                _vTAMDEframePreSyncReq
 .text.bSendDataRequest
                0x00089029      0x113 /cygdrive/c/TWESDK/516x/Components/Library/libMac_JN516x.a(TAMDE.o)
 .text.vTAMDEframeRXtrackingDR
                0x0008913c       0x47 /cygdrive/c/TWESDK/516x/Components/Library/libMac_JN516x.a(TAMDE.o)
                0x0008913c                _vTAMDEframeRXtrackingDR
 .text.vTAMDEint2FiredPollActive
                0x00089183       0x34 /cygdrive/c/TWESDK/516x/Components/Library/libMac_JN516x.a(TAMDE.o)
                0x00089183                _vTAMDEint2FiredPollActive
 .text.vTAMDEframeTXtrackingDR
                0x000891b7       0x6b /cygdrive/c/TWESDK/516x/Components/Library/libMac_JN516x.a(TAMDE.o)
                0x000891b7                _vTAMDEframeTXtrackingDR
 .text.vTAMDEint1FiredTracking
                0x00089222       0x6f /cygdrive/c/TWESDK/516x/Components/Library/libMac_JN516x.a(TAMDE.o)
                0x00089222                _vTAMDEint1FiredTracking
 .text.vTAMDEint1FiredTrackingCAPgts
                0x00089291       0xca /cygdrive/c/TWESDK/516x/Components/Library/libMac_JN516x.a(TAMDE.o)
                0x00089291                _vTAMDEint1FiredTrackingCAPgts
 .text.vTAMDEint1FiredTrackingBeacon
                0x0008935b       0xa7 /cygdrive/c/TWESDK/516x/Components/Library/libMac_JN516x.a(TAMDE.o)
                0x0008935b                _vTAMDEint1FiredTrackingBeacon
 .text.bProcessBeaconRX
                0x00089402       0xe6 /cygdrive/c/TWESDK/516x/Components/Library/libMac_JN516x.a(TAMDE.o)
 .text.vTAMDEframeRXsyncReq
                0x000894e8      0x26c /cygdrive/c/TWESDK/516x/Components/Library/libMac_JN516x.a(TAMDE.o)
                0x000894e8                _vTAMDEframeRXsyncReq
 .text.vTAMDEint1FiredSyncReq
                0x00089754       0x7b /cygdrive/c/TWESDK/516x/Components/Library/libMac_JN516x.a(TAMDE.o)
                0x00089754                _vTAMDEint1FiredSyncReq
 .text.pvMEMget
                0x000897cf       0x27 /cygdrive/c/TWESDK/516x/Components/Library/libMac_JN516x.a(TAM_MEM.o)
                0x000897cf                _pvMEMget
 .text.vMEMreturn
                0x000897f6       0x6a /cygdrive/c/TWESDK/516x/Components/Library/libMac_JN516x.a(TAM_MEM.o)
                0x000897f6                _vMEMreturn
 .text.vMEMreset
                0x00089860       0x70 /cygdrive/c/TWESDK/516x/Components/Library/libMac_JN516x.a(TAM_MEM.o)
                0x00089860                _vMEMreset
 .text.vMLMErxEnableConfirm
                0x000898d0       0x37 /cygdrive/c/TWESDK/516x/Components/Library/libMac_JN516x.a(TAM_MLME.o)
                0x000898d0                _vMLMErxEnableConfirm
 .text.vMLMEcommStatus
                0x00089907       0x6e /cygdrive/c/TWESDK/516x/Components/Library/libMac_JN516x.a(TAM_MLME.o)
                0x00089907                _vMLMEcommStatus
 .text.vMLMEcommStatusFromFrame
                0x00089975       0x47 /cygdrive/c/TWESDK/516x/Components/Library/libMac_JN516x.a(TAM_MLME.o)
                0x00089975                _vMLMEcommStatusFromFrame
 .text.vMLMEsyncLoss
                0x000899bc       0x38 /cygdrive/c/TWESDK/516x/Components/Library/libMac_JN516x.a(TAM_MLME.o)
                0x000899bc                _vMLMEsyncLoss
 .text.vMLMEbeaconNotify
                0x000899f4      0x17c /cygdrive/c/TWESDK/516x/Components/Library/libMac_JN516x.a(TAM_MLME.o)
                0x000899f4                _vMLMEbeaconNotify
 .text.vTAHsetCutOff
                0x00089b70        0xa /cygdrive/c/TWESDK/516x/Components/Library/libMac_JN516x.a(TAM_TAH.o)
                0x00089b70                _vTAHsetCutOff
 .text.vTAHsetSyncLock
                0x00089b7a       0x18 /cygdrive/c/TWESDK/516x/Components/Library/libMac_JN516x.a(TAM_TAH.o)
                0x00089b7a                _vTAHsetSyncLock
 .text.vTAHsetPhyStateDirect
                0x00089b92       0x33 /cygdrive/c/TWESDK/516x/Components/Library/libMac_JN516x.a(TAM_TAH.o)
                0x00089b92                _vTAHsetPhyStateDirect
 .text.vTAHsetPhyState
                0x00089bc5       0x35 /cygdrive/c/TWESDK/516x/Components/Library/libMac_JN516x.a(TAM_TAH.o)
                0x00089bc5                _vTAHsetPhyState
 .text.vTAIdisableInterrupt
                0x00089bfa       0x10 /cygdrive/c/TWESDK/516x/Components/Library/libMac_JN516x.a(TAM_TAI.o)
                0x00089bfa                _vTAIdisableInterrupt
 .text.vTAIsetRxEnableTime
                0x00089c0a       0x1d /cygdrive/c/TWESDK/516x/Components/Library/libMac_JN516x.a(TAM_TAI.o)
                0x00089c0a                _vTAIsetRxEnableTime
 .text.vTAIsetCapTime
                0x00089c27       0x1d /cygdrive/c/TWESDK/516x/Components/Library/libMac_JN516x.a(TAM_TAI.o)
                0x00089c27                _vTAIsetCapTime
 .text.eTATreadTXstatus
                0x00089c44       0x46 /cygdrive/c/TWESDK/516x/Components/Library/libMac_JN516x.a(TAM_TAT.o)
                0x00089c44                _eTATreadTXstatus
 .text.vTATgetFrameAddress
                0x00089c8a       0x20 /cygdrive/c/TWESDK/516x/Components/Library/libMac_JN516x.a(TAM_TAT.o)
                0x00089c8a                _vTATgetFrameAddress
 .text.vTATgetFramePayload
                0x00089caa       0x1d /cygdrive/c/TWESDK/516x/Components/Library/libMac_JN516x.a(TAM_TAT.o)
                0x00089caa                _vTATgetFramePayload
 .text.vTATsetBLE
                0x00089cc7       0x3e /cygdrive/c/TWESDK/516x/Components/Library/libMac_JN516x.a(TAM_TAT.o)
                0x00089cc7                _vTATsetBLE
 .text.vTATwriteAclMaterialToHardware
                0x00089d05       0x2c /cygdrive/c/TWESDK/516x/Components/Library/libMac_JN516x.a(TAM_TAT.o)
                0x00089d05                _vTATwriteAclMaterialToHardware
 .text.bIsBbcSafeForTx
                0x00089d31       0x2d /cygdrive/c/TWESDK/516x/Components/Library/libMac_JN516x.a(TAM_TAT.o)
                0x00089d31                _bIsBbcSafeForTx
 .text.vTATstartReceiveAt
                0x00089d5e       0x1e /cygdrive/c/TWESDK/516x/Components/Library/libMac_JN516x.a(TAM_TAT.o)
                0x00089d5e                _vTATstartReceiveAt
 .text.vWriteFrame
                0x00089d7c       0x7d /cygdrive/c/TWESDK/516x/Components/Library/libMac_JN516x.a(TAM_TAT.o)
 .text.bTATsendFrame
                0x00089df9       0x5a /cygdrive/c/TWESDK/516x/Components/Library/libMac_JN516x.a(TAM_TAT.o)
                0x00089df9                _bTATsendFrame
 .text.bTATsendFrameAt
                0x00089e53       0x48 /cygdrive/c/TWESDK/516x/Components/Library/libMac_JN516x.a(TAM_TAT.o)
                0x00089e53                _bTATsendFrameAt
 .text.bTACassessBeaconForPayload
                0x00089e9b       0x4c /cygdrive/c/TWESDK/516x/Components/Library/libMac_JN516x.a(TAMcommon.o)
                0x00089e9b                _bTACassessBeaconForPayload
 .text.bTACframeInProgress
                0x00089ee7       0x27 /cygdrive/c/TWESDK/516x/Components/Library/libMac_JN516x.a(TAMcommon.o)
                0x00089ee7                _bTACframeInProgress
 .text.vTACu16ToPayloadM
                0x00089f0e        0xc /cygdrive/c/TWESDK/516x/Components/Library/libMac_JN516x.a(TAMcommon.o)
                0x00089f0e                _vTACu16ToPayloadM
 .text.vTACu32ToPayloadM
                0x00089f1a       0x18 /cygdrive/c/TWESDK/516x/Components/Library/libMac_JN516x.a(TAMcommon.o)
                0x00089f1a                _vTACu32ToPayloadM
 .text.u16TACpayloadToU16M
                0x00089f32        0xf /cygdrive/c/TWESDK/516x/Components/Library/libMac_JN516x.a(TAMcommon.o)
                0x00089f32                _u16TACpayloadToU16M
 .text.u32TACpayloadToU32M
                0x00089f41       0x23 /cygdrive/c/TWESDK/516x/Components/Library/libMac_JN516x.a(TAMcommon.o)
                0x00089f41                _u32TACpayloadToU32M
 .text.u8TACgetHeaderSize
                0x00089f64       0x26 /cygdrive/c/TWESDK/516x/Components/Library/libMac_JN516x.a(TAMcommon.o)
                0x00089f64                _u8TACgetHeaderSize
 .text.vTACsetTxFrameDefaults
                0x00089f8a       0x2a /cygdrive/c/TWESDK/516x/Components/Library/libMac_JN516x.a(TAMcommon.o)
                0x00089f8a                _vTACsetTxFrameDefaults
 .text.vTACcheckPollResponse
                0x00089fb4       0x37 /cygdrive/c/TWESDK/516x/Components/Library/libMac_JN516x.a(TAMcommon.o)
                0x00089fb4                _vTACcheckPollResponse
 .text.bUpdateTime
                0x00089feb       0x46 /cygdrive/c/TWESDK/516x/Components/Library/libMac_JN516x.a(TAMcommon.o)
 .text.vTACbuildBeacon
                0x0008a031      0x257 /cygdrive/c/TWESDK/516x/Components/Library/libMac_JN516x.a(TAMcommon.o)
                0x0008a031                _vTACbuildBeacon
 .text.vTACsetFramePending
                0x0008a288       0x3f /cygdrive/c/TWESDK/516x/Components/Library/libMac_JN516x.a(TAMcommon.o)
                0x0008a288                _vTACsetFramePending
 .text.vTACsetPHYfromMacValue
                0x0008a2c7       0x2b /cygdrive/c/TWESDK/516x/Components/Library/libMac_JN516x.a(TAMcommon.o)
                0x0008a2c7                _vTACsetPHYfromMacValue
 .text.bTACcheckPANconflict
                0x0008a2f2       0xa8 /cygdrive/c/TWESDK/516x/Components/Library/libMac_JN516x.a(TAMcommon.o)
                0x0008a2f2                _bTACcheckPANconflict
 .text.bTACprocessUnexpectedBeacon
                0x0008a39a       0x6d /cygdrive/c/TWESDK/516x/Components/Library/libMac_JN516x.a(TAMcommon.o)
                0x0008a39a                _bTACprocessUnexpectedBeacon
 .text.bSendSyncLoss
                0x0008a407       0x1e /cygdrive/c/TWESDK/516x/Components/Library/libMac_JN516x.a(TAMcommon.o)
 .text.vTACinformOriginator
                0x0008a425       0x26 /cygdrive/c/TWESDK/516x/Components/Library/libMac_JN516x.a(TAMcommon.o)
                0x0008a425                _vTACinformOriginator
 .text.vTACintRXheader
                0x0008a44b       0x98 /cygdrive/c/TWESDK/516x/Components/Library/libMac_JN516x.a(TAMcommon.o)
                0x0008a44b                _vTACintRXheader
 .text.bTACprocessFrameRXcomplete
                0x0008a4e3      0x231 /cygdrive/c/TWESDK/516x/Components/Library/libMac_JN516x.a(TAMcommon.o)
                0x0008a4e3                _bTACprocessFrameRXcomplete
 .text.eTACprocessFrameTXcomplete
                0x0008a714      0x17c /cygdrive/c/TWESDK/516x/Components/Library/libMac_JN516x.a(TAMcommon.o)
                0x0008a714                _eTACprocessFrameTXcomplete
 .text.vTAMinsertEvent
                0x0008a890       0x6c /cygdrive/c/TWESDK/516x/Components/Library/libMac_JN516x.a(TAMevent.o)
                0x0008a890                _vTAMinsertEvent
 .text.vTAM_TxRetryTimeout
                0x0008a8fc        0x8 /cygdrive/c/TWESDK/516x/Components/Library/libMac_JN516x.a(TAMevent.o)
                0x0008a8fc                _vTAM_TxRetryTimeout
 .text.vTAM_QueueTxEvent
                0x0008a904       0x11 /cygdrive/c/TWESDK/516x/Components/Library/libMac_JN516x.a(TAMevent.o)
                0x0008a904                _vTAM_QueueTxEvent
 .text.vTAM_CancelTxRetryTimer
                0x0008a915        0xf /cygdrive/c/TWESDK/516x/Components/Library/libMac_JN516x.a(TAMevent.o)
                0x0008a915                _vTAM_CancelTxRetryTimer
 .text.vTAM_TxRetryTimer
                0x0008a924       0x13 /cygdrive/c/TWESDK/516x/Components/Library/libMac_JN516x.a(TAMevent.o)
                0x0008a924                _vTAM_TxRetryTimer
 .text.vTAQaddToFifo
                0x0008a937       0x1a /cygdrive/c/TWESDK/516x/Components/Library/libMac_JN516x.a(TAMqueue.o)
                0x0008a937                _vTAQaddToFifo
 .text.bTAQremoveFromFifo
                0x0008a951       0x3d /cygdrive/c/TWESDK/516x/Components/Library/libMac_JN516x.a(TAMqueue.o)
                0x0008a951                _bTAQremoveFromFifo
 .text.vTAQresetFifo
                0x0008a98e        0x9 /cygdrive/c/TWESDK/516x/Components/Library/libMac_JN516x.a(TAMqueue.o)
                0x0008a98e                _vTAQresetFifo
 .text.psTAQsearchFifoForHandle
                0x0008a997       0x18 /cygdrive/c/TWESDK/516x/Components/Library/libMac_JN516x.a(TAMqueue.o)
                0x0008a997                _psTAQsearchFifoForHandle
 .text.psTAQsearchFifo
                0x0008a9af       0x46 /cygdrive/c/TWESDK/516x/Components/Library/libMac_JN516x.a(TAMqueue.o)
                0x0008a9af                _psTAQsearchFifo
 .text.vDoGoOff
                0x0008a9f5       0x1a /cygdrive/c/TWESDK/516x/Components/Library/libMac_JN516x.a(TAMrxEnable.o)
 .text.vDoGoActive
                0x0008aa0f       0x28 /cygdrive/c/TWESDK/516x/Components/Library/libMac_JN516x.a(TAMrxEnable.o)
 .text.vTAM_MLMErxEnableRequest
                0x0008aa37       0xc8 /cygdrive/c/TWESDK/516x/Components/Library/libMac_JN516x.a(TAMrxEnable.o)
                0x0008aa37                _vTAM_MLMErxEnableRequest
 .text.vTAMRXEsetReceiveForPibChange
                0x0008aaff       0x33 /cygdrive/c/TWESDK/516x/Components/Library/libMac_JN516x.a(TAMrxEnable.o)
                0x0008aaff                _vTAMRXEsetReceiveForPibChange
 .text.vTAMRXEsetPhy
                0x0008ab32       0xb6 /cygdrive/c/TWESDK/516x/Components/Library/libMac_JN516x.a(TAMrxEnable.o)
                0x0008ab32                _vTAMRXEsetPhy
 .text.vTAMRXEint2Fired
                0x0008abe8       0x42 /cygdrive/c/TWESDK/516x/Components/Library/libMac_JN516x.a(TAMrxEnable.o)
                0x0008abe8                _vTAMRXEint2Fired
 .text.bSecurityLevelCheckingAlgorithm
                0x0008ac2a       0x25 /cygdrive/c/TWESDK/516x/Components/Library/libMac_JN516x.a(TAMsecurity.o)
 .text.u8TSCframeIncrease
                0x0008ac4f        0xf /cygdrive/c/TWESDK/516x/Components/Library/libMac_JN516x.a(TAMsecurity.o)
                0x0008ac4f                _u8TSCframeIncrease
 .text.vTSCsetUpwardSecurity
                0x0008ac5e       0x15 /cygdrive/c/TWESDK/516x/Components/Library/libMac_JN516x.a(TAMsecurity.o)
                0x0008ac5e                _vTSCsetUpwardSecurity
 .text.vCopyToDataFromMacAddr
                0x0008ac73       0x33 /cygdrive/c/TWESDK/516x/Components/Library/libMac_JN516x.a(TAMsecurity.o)
 .text.vTSCpostTransmitUpdate
                0x0008aca6       0x3b /cygdrive/c/TWESDK/516x/Components/Library/libMac_JN516x.a(TAMsecurity.o)
                0x0008aca6                _vTSCpostTransmitUpdate
 .text.vTSCsetOutgoingInfo
                0x0008ace1      0x158 /cygdrive/c/TWESDK/516x/Components/Library/libMac_JN516x.a(TAMsecurity.o)
                0x0008ace1                _vTSCsetOutgoingInfo
 .text.vMAC_RetrieveSecurityInfoFromFrame
                0x0008ae39       0x92 /cygdrive/c/TWESDK/516x/Components/Library/libMac_JN516x.a(TAMsecurity.o)
                0x0008ae39                _vMAC_RetrieveSecurityInfoFromFrame
 .text.MAC_bLookUpKeyDescriptor
                0x0008aecb       0x7f /cygdrive/c/TWESDK/516x/Components/Library/libMac_JN516x.a(TAMsecurity.o)
 .text.bTSCgetOutgoingInfo2003
                0x0008af4a       0x21 /cygdrive/c/TWESDK/516x/Components/Library/libMac_JN516x.a(TAMsecurity.o)
                0x0008af4a                _bTSCgetOutgoingInfo2003
 .text.bTSCgetOutgoingInfo
                0x0008af6b      0x11c /cygdrive/c/TWESDK/516x/Components/Library/libMac_JN516x.a(TAMsecurity.o)
                0x0008af6b                _bTSCgetOutgoingInfo
 .text.vTSCgetIncomingInfo
                0x0008b087       0xc6 /cygdrive/c/TWESDK/516x/Components/Library/libMac_JN516x.a(TAMsecurity.o)
                0x0008b087                _vTSCgetIncomingInfo
 .text.bTSCcheckIncomingFrame
                0x0008b14d      0x689 /cygdrive/c/TWESDK/516x/Components/Library/libMac_JN516x.a(TAMsecurity.o)
                0x0008b14d                _bTSCcheckIncomingFrame
 .text.vTAStidyUpAfterFrameTX
                0x0008b7d6       0x26 /cygdrive/c/TWESDK/516x/Components/Library/libMac_JN516x.a(TAMsideways.o)
                0x0008b7d6                _vTAStidyUpAfterFrameTX
 .text.bTASsendCommStatusInd
                0x0008b7fc       0x1b /cygdrive/c/TWESDK/516x/Components/Library/libMac_JN516x.a(TAMsideways.o)
                0x0008b7fc                _bTASsendCommStatusInd
 .text.vTASretrieveSecurity
                0x0008b817       0x24 /cygdrive/c/TWESDK/516x/Components/Library/libMac_JN516x.a(TAMsideways.o)
                0x0008b817                _vTASretrieveSecurity
 .text.vTASretrieveFrame
                0x0008b83b       0x88 /cygdrive/c/TWESDK/516x/Components/Library/libMac_JN516x.a(TAMsideways.o)
                0x0008b83b                _vTASretrieveFrame
 .text.eTAStransmitRequest
                0x0008b8c3      0x3e3 /cygdrive/c/TWESDK/516x/Components/Library/libMac_JN516x.a(TAMsideways.o)
                0x0008b8c3                _eTAStransmitRequest
 .text.vTTIBLETimerExpired
                0x0008bca6        0xb /cygdrive/c/TWESDK/516x/Components/Library/libMac_JN516x.a(TAMtime.o)
                0x0008bca6                _vTTIBLETimerExpired
 .text.vTTITimer2Expired
                0x0008bcb1        0x8 /cygdrive/c/TWESDK/516x/Components/Library/libMac_JN516x.a(TAMtime.o)
                0x0008bcb1                _vTTITimer2Expired
 .text.vTTITimer1Expired
                0x0008bcb9        0x8 /cygdrive/c/TWESDK/516x/Components/Library/libMac_JN516x.a(TAMtime.o)
                0x0008bcb9                _vTTITimer1Expired
 .text.vTTITransactionTimerExpired
                0x0008bcc1       0x2f /cygdrive/c/TWESDK/516x/Components/Library/libMac_JN516x.a(TAMtime.o)
                0x0008bcc1                _vTTITransactionTimerExpired
 .text.vCmdWaitBusy
                0x0008bcf0        0xd /cygdrive/c/TWESDK/516x/Components/Library/libMac_JN516x.a(TAM_AES.o)
 .text.vEcbEncodeStripe
                0x0008bcfd       0x55 /cygdrive/c/TWESDK/516x/Components/Library/libMac_JN516x.a(TAM_AES.o)
 .text.vFromU16ToLe
                0x0008bd52        0xc /cygdrive/c/TWESDK/516x/Components/Library/libMac_JN516x.a(TAM_AES.o)
 .text.vFromU32ToLe
                0x0008bd5e       0x18 /cygdrive/c/TWESDK/516x/Components/Library/libMac_JN516x.a(TAM_AES.o)
 .text.u8TAM_AES_WriteAuxilliarySecurityHeaderIntoBuffer
                0x0008bd76       0x6a /cygdrive/c/TWESDK/516x/Components/Library/libMac_JN516x.a(TAM_AES.o)
                0x0008bd76                _u8TAM_AES_WriteAuxilliarySecurityHeaderIntoBuffer
 .text.u8Write802_15_4HeaderIntoBuffer
                0x0008bde0      0x110 /cygdrive/c/TWESDK/516x/Components/Library/libMac_JN516x.a(TAM_AES.o)
 .text.vWrite802_15_4NonceIntoBuffer
                0x0008bef0       0x4a /cygdrive/c/TWESDK/516x/Components/Library/libMac_JN516x.a(TAM_AES.o)
 .text.vTAM_AES_OptimisedCcmStar
                0x0008bf3a      0x244 /cygdrive/c/TWESDK/516x/Components/Library/libMac_JN516x.a(TAM_AES.o)
                0x0008bf3a                _vTAM_AES_OptimisedCcmStar
 .text.bTAM_AES_CCMstarPatch2006
                0x0008c17e       0xf4 /cygdrive/c/TWESDK/516x/Components/Library/libMac_JN516x.a(TAM_AES.o)
                0x0008c17e                _bTAM_AES_CCMstarPatch2006
 .text.bTAM_AES_CCMstarPatch
                0x0008c272       0xfe /cygdrive/c/TWESDK/516x/Components/Library/libMac_JN516x.a(TAM_AES.o)
                0x0008c272                _bTAM_AES_CCMstarPatch
 .text.MAC_u8AclFindInfo
                0x0008c370      0x118 /cygdrive/c/TWESDK/516x/Components/Library/libMac_JN516x.a(mac_acl.o)
                0x0008c370                _MAC_u8AclFindInfo
 .text.vMAC_MISCorphanReceived
                0x0008c488       0x4f /cygdrive/c/TWESDK/516x/Components/Library/libMac_JN516x.a(mac_misc.o)
                0x0008c488                _vMAC_MISCorphanReceived
 .text.vMAC_MISCpollConfirm
                0x0008c4d7       0x35 /cygdrive/c/TWESDK/516x/Components/Library/libMac_JN516x.a(mac_misc.o)
                0x0008c4d7                _vMAC_MISCpollConfirm
 .text.vMAC_MISCpollRequest
                0x0008c50c       0xbe /cygdrive/c/TWESDK/516x/Components/Library/libMac_JN516x.a(mac_misc.o)
                0x0008c50c                _vMAC_MISCpollRequest
 .text.vMAC_MISCorphanResponse
                0x0008c5ca       0xc4 /cygdrive/c/TWESDK/516x/Components/Library/libMac_JN516x.a(mac_misc.o)
                0x0008c5ca                _vMAC_MISCorphanResponse
 .text.bPollReqSent
                0x0008c68e       0x1e /cygdrive/c/TWESDK/516x/Components/Library/libMac_JN516x.a(mac_misc.o)
 .text.vUpdateRegisters
                0x0008c6ac       0x4b /cygdrive/c/TWESDK/516x/Components/Library/libXcv_JN516x.a(xcv_main.o)
 .text.XCV_vCtor
                0x0008c6f7      0x1ae /cygdrive/c/TWESDK/516x/Components/Library/libXcv_JN516x.a(xcv_main.o)
                0x0008c6f7                _XCV_vCtor
 .text.XCV_vDevWriteIER